Archive member included to satisfy reference by file (symbol)

d:/programmi/es4sa/stm32cubeide_1.7.0/stm32cubeide/plugins/com.st.stm32cube.ide.mcu.externaltools.gnu-tools-for-stm32.9-2020-q2-update.win32_2.0.0.202105311346/tools/bin/../lib/gcc/arm-none-eabi/9.3.1/../../../../arm-none-eabi/lib/thumb/v7e-m+fp/hard\libc_nano.a(lib_a-errno.o)
                              ./Core/Src/syscalls.o (__errno)
d:/programmi/es4sa/stm32cubeide_1.7.0/stm32cubeide/plugins/com.st.stm32cube.ide.mcu.externaltools.gnu-tools-for-stm32.9-2020-q2-update.win32_2.0.0.202105311346/tools/bin/../lib/gcc/arm-none-eabi/9.3.1/../../../../arm-none-eabi/lib/thumb/v7e-m+fp/hard\libc_nano.a(lib_a-exit.o)
                              d:/programmi/es4sa/stm32cubeide_1.7.0/stm32cubeide/plugins/com.st.stm32cube.ide.mcu.externaltools.gnu-tools-for-stm32.9-2020-q2-update.win32_2.0.0.202105311346/tools/bin/../lib/gcc/arm-none-eabi/9.3.1/../../../../arm-none-eabi/lib/thumb/v7e-m+fp/hard/crt0.o (exit)
d:/programmi/es4sa/stm32cubeide_1.7.0/stm32cubeide/plugins/com.st.stm32cube.ide.mcu.externaltools.gnu-tools-for-stm32.9-2020-q2-update.win32_2.0.0.202105311346/tools/bin/../lib/gcc/arm-none-eabi/9.3.1/../../../../arm-none-eabi/lib/thumb/v7e-m+fp/hard\libc_nano.a(lib_a-impure.o)
                              d:/programmi/es4sa/stm32cubeide_1.7.0/stm32cubeide/plugins/com.st.stm32cube.ide.mcu.externaltools.gnu-tools-for-stm32.9-2020-q2-update.win32_2.0.0.202105311346/tools/bin/../lib/gcc/arm-none-eabi/9.3.1/../../../../arm-none-eabi/lib/thumb/v7e-m+fp/hard\libc_nano.a(lib_a-exit.o) (_global_impure_ptr)
d:/programmi/es4sa/stm32cubeide_1.7.0/stm32cubeide/plugins/com.st.stm32cube.ide.mcu.externaltools.gnu-tools-for-stm32.9-2020-q2-update.win32_2.0.0.202105311346/tools/bin/../lib/gcc/arm-none-eabi/9.3.1/../../../../arm-none-eabi/lib/thumb/v7e-m+fp/hard\libc_nano.a(lib_a-init.o)
                              d:/programmi/es4sa/stm32cubeide_1.7.0/stm32cubeide/plugins/com.st.stm32cube.ide.mcu.externaltools.gnu-tools-for-stm32.9-2020-q2-update.win32_2.0.0.202105311346/tools/bin/../lib/gcc/arm-none-eabi/9.3.1/../../../../arm-none-eabi/lib/thumb/v7e-m+fp/hard/crt0.o (__libc_init_array)
d:/programmi/es4sa/stm32cubeide_1.7.0/stm32cubeide/plugins/com.st.stm32cube.ide.mcu.externaltools.gnu-tools-for-stm32.9-2020-q2-update.win32_2.0.0.202105311346/tools/bin/../lib/gcc/arm-none-eabi/9.3.1/../../../../arm-none-eabi/lib/thumb/v7e-m+fp/hard\libc_nano.a(lib_a-memset.o)
                              d:/programmi/es4sa/stm32cubeide_1.7.0/stm32cubeide/plugins/com.st.stm32cube.ide.mcu.externaltools.gnu-tools-for-stm32.9-2020-q2-update.win32_2.0.0.202105311346/tools/bin/../lib/gcc/arm-none-eabi/9.3.1/../../../../arm-none-eabi/lib/thumb/v7e-m+fp/hard/crt0.o (memset)
d:/programmi/es4sa/stm32cubeide_1.7.0/stm32cubeide/plugins/com.st.stm32cube.ide.mcu.externaltools.gnu-tools-for-stm32.9-2020-q2-update.win32_2.0.0.202105311346/tools/bin/../lib/gcc/arm-none-eabi/9.3.1/../../../../arm-none-eabi/lib/thumb/v7e-m+fp/hard\libc_nano.a(lib_a-sprintf.o)
                              ./Core/Src/main.o (sprintf)
d:/programmi/es4sa/stm32cubeide_1.7.0/stm32cubeide/plugins/com.st.stm32cube.ide.mcu.externaltools.gnu-tools-for-stm32.9-2020-q2-update.win32_2.0.0.202105311346/tools/bin/../lib/gcc/arm-none-eabi/9.3.1/../../../../arm-none-eabi/lib/thumb/v7e-m+fp/hard\libc_nano.a(lib_a-strlen.o)
                              ./Core/Src/main.o (strlen)
d:/programmi/es4sa/stm32cubeide_1.7.0/stm32cubeide/plugins/com.st.stm32cube.ide.mcu.externaltools.gnu-tools-for-stm32.9-2020-q2-update.win32_2.0.0.202105311346/tools/bin/../lib/gcc/arm-none-eabi/9.3.1/../../../../arm-none-eabi/lib/thumb/v7e-m+fp/hard\libc_nano.a(lib_a-nano-svfprintf.o)
                              d:/programmi/es4sa/stm32cubeide_1.7.0/stm32cubeide/plugins/com.st.stm32cube.ide.mcu.externaltools.gnu-tools-for-stm32.9-2020-q2-update.win32_2.0.0.202105311346/tools/bin/../lib/gcc/arm-none-eabi/9.3.1/../../../../arm-none-eabi/lib/thumb/v7e-m+fp/hard\libc_nano.a(lib_a-sprintf.o) (_svfprintf_r)
d:/programmi/es4sa/stm32cubeide_1.7.0/stm32cubeide/plugins/com.st.stm32cube.ide.mcu.externaltools.gnu-tools-for-stm32.9-2020-q2-update.win32_2.0.0.202105311346/tools/bin/../lib/gcc/arm-none-eabi/9.3.1/../../../../arm-none-eabi/lib/thumb/v7e-m+fp/hard\libc_nano.a(lib_a-nano-vfprintf_i.o)
                              d:/programmi/es4sa/stm32cubeide_1.7.0/stm32cubeide/plugins/com.st.stm32cube.ide.mcu.externaltools.gnu-tools-for-stm32.9-2020-q2-update.win32_2.0.0.202105311346/tools/bin/../lib/gcc/arm-none-eabi/9.3.1/../../../../arm-none-eabi/lib/thumb/v7e-m+fp/hard\libc_nano.a(lib_a-nano-svfprintf.o) (_printf_i)
d:/programmi/es4sa/stm32cubeide_1.7.0/stm32cubeide/plugins/com.st.stm32cube.ide.mcu.externaltools.gnu-tools-for-stm32.9-2020-q2-update.win32_2.0.0.202105311346/tools/bin/../lib/gcc/arm-none-eabi/9.3.1/../../../../arm-none-eabi/lib/thumb/v7e-m+fp/hard\libc_nano.a(lib_a-memchr.o)
[...]
Memory Configuration

Name             Origin             Length             Attributes
RAM              0x0000000020000000 0x0000000000018000 xrw
FLASH            0x0000000008000000 0x0000000000080000 xr
*default*        0x0000000000000000 0xffffffffffffffff

Linker script and memory map

LOAD d:/programmi/es4sa/stm32cubeide_1.7.0/stm32cubeide/plugins/com.st.stm32cube.ide.mcu.externaltools.gnu-tools-for-stm32.9-2020-q2-update.win32_2.0.0.202105311346/tools/bin/../lib/gcc/arm-none-eabi/9.3.1/thumb/v7e-m+fp/hard/crti.o
LOAD d:/programmi/es4sa/stm32cubeide_1.7.0/stm32cubeide/plugins/com.st.stm32cube.ide.mcu.externaltools.gnu-tools-for-stm32.9-2020-q2-update.win32_2.0.0.202105311346/tools/bin/../lib/gcc/arm-none-eabi/9.3.1/thumb/v7e-m+fp/hard/crtbegin.o
LOAD d:/programmi/es4sa/stm32cubeide_1.7.0/stm32cubeide/plugins/com.st.stm32cube.ide.mcu.externaltools.gnu-tools-for-stm32.9-2020-q2-update.win32_2.0.0.202105311346/tools/bin/../lib/gcc/arm-none-eabi/9.3.1/../../../../arm-none-eabi/lib/thumb/v7e-m+fp/hard/crt0.o
LOAD ./Core/Src/main.o
LOAD ./Core/Src/stm32f4xx_hal_msp.o
LOAD ./Core/Src/stm32f4xx_it.o
LOAD ./Core/Src/stm32f4xx_nucleo_bus.o
LOAD ./Core/Src/syscalls.o
LOAD ./Core/Src/sysmem.o
LOAD ./Core/Src/system_stm32f4xx.o
LOAD ./Core/Startup/startup_stm32f401retx.o
LOAD ./Drivers/BSP/Components/hts221/hts221.o
LOAD ./Drivers/BSP/Components/hts221/hts221_reg.o
LOAD ./Drivers/BSP/Components/lis2dw12/lis2dw12.o
LOAD ./Drivers/BSP/Components/lis2dw12/lis2dw12_reg.o
LOAD ./Drivers/BSP/Components/lis2mdl/lis2mdl.o
LOAD ./Drivers/BSP/Components/lis2mdl/lis2mdl_reg.o
LOAD ./Drivers/BSP/Components/lps22hh/lps22hh.o
LOAD ./Drivers/BSP/Components/lps22hh/lps22hh_reg.o
LOAD ./Drivers/BSP/Components/lsm6dso/lsm6dso.o
LOAD ./Drivers/BSP/Components/lsm6dso/lsm6dso_reg.o
LOAD ./Drivers/BSP/Components/stts751/stts751.o
LOAD ./Drivers/BSP/Components/stts751/stts751_reg.o
LOAD ./Drivers/BSP/IKS01A3/iks01a3_env_sensors.o
LOAD ./Drivers/BSP/IKS01A3/iks01a3_env_sensors_ex.o
LOAD ./Drivers/BSP/IKS01A3/iks01a3_motion_sensors.o
LOAD ./Drivers/BSP/IKS01A3/iks01a3_motion_sensors_ex.o
LOAD ./Drivers/STM32F4xx_HAL_Driver/Src/stm32f4xx_hal.o
LOAD ./Drivers/STM32F4xx_HAL_Driver/Src/stm32f4xx_hal_cortex.o
LOAD ./Drivers/STM32F4xx_HAL_Driver/Src/stm32f4xx_hal_dma.o
LOAD ./Drivers/STM32F4xx_HAL_Driver/Src/stm32f4xx_hal_dma_ex.o
LOAD ./Drivers/STM32F4xx_HAL_Driver/Src/stm32f4xx_hal_exti.o
LOAD ./Drivers/STM32F4xx_HAL_Driver/Src/stm32f4xx_hal_flash.o
LOAD ./Drivers/STM32F4xx_HAL_Driver/Src/stm32f4xx_hal_flash_ex.o
LOAD ./Drivers/STM32F4xx_HAL_Driver/Src/stm32f4xx_hal_flash_ramfunc.o
LOAD ./Drivers/STM32F4xx_HAL_Driver/Src/stm32f4xx_hal_gpio.o
LOAD ./Drivers/STM32F4xx_HAL_Driver/Src/stm32f4xx_hal_i2c.o
LOAD ./Drivers/STM32F4xx_HAL_Driver/Src/stm32f4xx_hal_i2c_ex.o
LOAD ./Drivers/STM32F4xx_HAL_Driver/Src/stm32f4xx_hal_pwr.o
LOAD ./Drivers/STM32F4xx_HAL_Driver/Src/stm32f4xx_hal_pwr_ex.o
LOAD ./Drivers/STM32F4xx_HAL_Driver/Src/stm32f4xx_hal_rcc.o
LOAD ./Drivers/STM32F4xx_HAL_Driver/Src/stm32f4xx_hal_rcc_ex.o
LOAD ./Drivers/STM32F4xx_HAL_Driver/Src/stm32f4xx_hal_tim.o
LOAD ./Drivers/STM32F4xx_HAL_Driver/Src/stm32f4xx_hal_tim_ex.o
LOAD ./Drivers/STM32F4xx_HAL_Driver/Src/stm32f4xx_hal_uart.o
START GROUP
LOAD d:/programmi/es4sa/stm32cubeide_1.7.0/stm32cubeide/plugins/com.st.stm32cube.ide.mcu.externaltools.gnu-tools-for-stm32.9-2020-q2-update.win32_2.0.0.202105311346/tools/bin/../lib/gcc/arm-none-eabi/9.3.1/../../../../arm-none-eabi/lib/thumb/v7e-m+fp/hard\libc_nano.a
LOAD d:/programmi/es4sa/stm32cubeide_1.7.0/stm32cubeide/plugins/com.st.stm32cube.ide.mcu.externaltools.gnu-tools-for-stm32.9-2020-q2-update.win32_2.0.0.202105311346/tools/bin/../lib/gcc/arm-none-eabi/9.3.1/../../../../arm-none-eabi/lib/thumb/v7e-m+fp/hard\libm.a
END GROUP
START GROUP
LOAD d:/programmi/es4sa/stm32cubeide_1.7.0/stm32cubeide/plugins/com.st.stm32cube.ide.mcu.externaltools.gnu-tools-for-stm32.9-2020-q2-update.win32_2.0.0.202105311346/tools/bin/../lib/gcc/arm-none-eabi/9.3.1/thumb/v7e-m+fp/hard\libgcc.a
LOAD d:/programmi/es4sa/stm32cubeide_1.7.0/stm32cubeide/plugins/com.st.stm32cube.ide.mcu.externaltools.gnu-tools-for-stm32.9-2020-q2-update.win32_2.0.0.202105311346/tools/bin/../lib/gcc/arm-none-eabi/9.3.1/../../../../arm-none-eabi/lib/thumb/v7e-m+fp/hard\libc_nano.a
END GROUP
START GROUP
LOAD d:/programmi/es4sa/stm32cubeide_1.7.0/stm32cubeide/plugins/com.st.stm32cube.ide.mcu.externaltools.gnu-tools-for-stm32.9-2020-q2-update.win32_2.0.0.202105311346/tools/bin/../lib/gcc/arm-none-eabi/9.3.1/thumb/v7e-m+fp/hard\libgcc.a
LOAD d:/programmi/es4sa/stm32cubeide_1.7.0/stm32cubeide/plugins/com.st.stm32cube.ide.mcu.externaltools.gnu-tools-for-stm32.9-2020-q2-update.win32_2.0.0.202105311346/tools/bin/../lib/gcc/arm-none-eabi/9.3.1/../../../../arm-none-eabi/lib/thumb/v7e-m+fp/hard\libc_nano.a
LOAD d:/programmi/es4sa/stm32cubeide_1.7.0/stm32cubeide/plugins/com.st.stm32cube.ide.mcu.externaltools.gnu-tools-for-stm32.9-2020-q2-update.win32_2.0.0.202105311346/tools/bin/../lib/gcc/arm-none-eabi/9.3.1/../../../../arm-none-eabi/lib/thumb/v7e-m+fp/hard\libnosys.a
END GROUP
START GROUP
LOAD d:/programmi/es4sa/stm32cubeide_1.7.0/stm32cubeide/plugins/com.st.stm32cube.ide.mcu.externaltools.gnu-tools-for-stm32.9-2020-q2-update.win32_2.0.0.202105311346/tools/bin/../lib/gcc/arm-none-eabi/9.3.1/thumb/v7e-m+fp/hard\libgcc.a
LOAD d:/programmi/es4sa/stm32cubeide_1.7.0/stm32cubeide/plugins/com.st.stm32cube.ide.mcu.externaltools.gnu-tools-for-stm32.9-2020-q2-update.win32_2.0.0.202105311346/tools/bin/../lib/gcc/arm-none-eabi/9.3.1/../../../../arm-none-eabi/lib/thumb/v7e-m+fp/hard\libc_nano.a
LOAD d:/programmi/es4sa/stm32cubeide_1.7.0/stm32cubeide/plugins/com.st.stm32cube.ide.mcu.externaltools.gnu-tools-for-stm32.9-2020-q2-update.win32_2.0.0.202105311346/tools/bin/../lib/gcc/arm-none-eabi/9.3.1/../../../../arm-none-eabi/lib/thumb/v7e-m+fp/hard\libnosys.a
END GROUP
LOAD d:/programmi/es4sa/stm32cubeide_1.7.0/stm32cubeide/plugins/com.st.stm32cube.ide.mcu.externaltools.gnu-tools-for-stm32.9-2020-q2-update.win32_2.0.0.202105311346/tools/bin/../lib/gcc/arm-none-eabi/9.3.1/thumb/v7e-m+fp/hard/crtend.o
LOAD d:/programmi/es4sa/stm32cubeide_1.7.0/stm32cubeide/plugins/com.st.stm32cube.ide.mcu.externaltools.gnu-tools-for-stm32.9-2020-q2-update.win32_2.0.0.202105311346/tools/bin/../lib/gcc/arm-none-eabi/9.3.1/thumb/v7e-m+fp/hard/crtn.o
                0x0000000020018000                _estack = (ORIGIN (RAM) + LENGTH (RAM))
                0x0000000000000200                _Min_Heap_Size = 0x200
                0x0000000000000400                _Min_Stack_Size = 0x400

.isr_vector     0x0000000008000000      0x194
                0x0000000008000000                . = ALIGN (0x4)
 *(.isr_vector)
 .isr_vector    0x0000000008000000      0x194 ./Core/Startup/startup_stm32f401retx.o
                0x0000000008000000                g_pfnVectors
                0x0000000008000194                . = ALIGN (0x4)

.text           0x00000000080001a0     0x9998
                0x00000000080001a0                . = ALIGN (0x4)
 *(.text)
 .text          0x00000000080001a0       0x40 d:/programmi/es4sa/stm32cubeide_1.7.0/stm32cubeide/plugins/com.st.stm32cube.ide.mcu.externaltools.gnu-tools-for-stm32.9-2020-q2-update.win32_2.0.0.202105311346/tools/bin/../lib/gcc/arm-none-eabi/9.3.1/thumb/v7e-m+fp/hard/crtbegin.o
 .text          0x00000000080001e0       0x10 d:/programmi/es4sa/stm32cubeide_1.7.0/stm32cubeide/plugins/com.st.stm32cube.ide.mcu.externaltools.gnu-tools-for-stm32.9-2020-q2-update.win32_2.0.0.202105311346/tools/bin/../lib/gcc/arm-none-eabi/9.3.1/../../../../arm-none-eabi/lib/thumb/v7e-m+fp/hard\libc_nano.a(lib_a-strlen.o)
                0x00000000080001e0                strlen
 .text          0x00000000080001f0       0xa0 d:/programmi/es4sa/stm32cubeide_1.7.0/stm32cubeide/plugins/com.st.stm32cube.ide.mcu.externaltools.gnu-tools-for-stm32.9-2020-q2-update.win32_2.0.0.202105311346/tools/bin/../lib/gcc/arm-none-eabi/9.3.1/../../../../arm-none-eabi/lib/thumb/v7e-m+fp/hard\libc_nano.a(lib_a-memchr.o)
                0x00000000080001f0                memchr
 .text          0x0000000008000290       0x30 d:/programmi/es4sa/stm32cubeide_1.7.0/stm32cubeide/plugins/com.st.stm32cube.ide.mcu.externaltools.gnu-tools-for-stm32.9-2020-q2-update.win32_2.0.0.202105311346/tools/bin/../lib/gcc/arm-none-eabi/9.3.1/thumb/v7e-m+fp/hard\libgcc.a(_aeabi_uldivmod.o)
                0x0000000008000290                __aeabi_uldivmod
 .text          0x00000000080002c0      0x2c4 d:/programmi/es4sa/stm32cubeide_1.7.0/stm32cubeide/plugins/com.st.stm32cube.ide.mcu.externaltools.gnu-tools-for-stm32.9-2020-q2-update.win32_2.0.0.202105311346/tools/bin/../lib/gcc/arm-none-eabi/9.3.1/thumb/v7e-m+fp/hard\libgcc.a(_udivmoddi4.o)
                0x00000000080002c0                __udivmoddi4
 .text          0x0000000008000584        0x4 d:/programmi/es4sa/stm32cubeide_1.7.0/stm32cubeide/plugins/com.st.stm32cube.ide.mcu.externaltools.gnu-tools-for-stm32.9-2020-q2-update.win32_2.0.0.202105311346/tools/bin/../lib/gcc/arm-none-eabi/9.3.1/thumb/v7e-m+fp/hard\libgcc.a(_dvmd_tls.o)
                0x0000000008000584                __aeabi_idiv0
                0x0000000008000584                __aeabi_ldiv0
 *(.text*)
 .text.main     0x0000000008000588      0x2c8 ./Core/Src/main.o
                0x0000000008000588                main
 .text.SystemClock_Config
                0x0000000008000850       0xd8 ./Core/Src/main.o
                0x0000000008000850                SystemClock_Config
 .text.MX_TIM3_Init
                0x0000000008000928       0xb0 ./Core/Src/main.o
 .text.MX_USART2_UART_Init
                0x00000000080009d8       0x54 ./Core/Src/main.o
 .text.MX_GPIO_Init
                0x0000000008000a2c       0xec ./Core/Src/main.o
 .text.HAL_TIM_OC_DelayElapsedCallback
                0x0000000008000b18       0x54 ./Core/Src/main.o
                0x0000000008000b18                HAL_TIM_OC_DelayElapsedCallback
 .text.HAL_GPIO_EXTI_Callback
                0x0000000008000b6c       0x28 ./Core/Src/main.o
                0x0000000008000b6c                HAL_GPIO_EXTI_Callback
 .text.FilterMovingAvg
                0x0000000008000b94       0xdc ./Core/Src/main.o
                0x0000000008000b94                FilterMovingAvg
 .text.Error_Handler
                0x0000000008000c70        0xa ./Core/Src/main.o
                0x0000000008000c70                Error_Handler
 *fill*         0x0000000008000c7a        0x2 
 .text.HAL_MspInit
                0x0000000008000c7c       0x50 ./Core/Src/stm32f4xx_hal_msp.o
                0x0000000008000c7c                HAL_MspInit
 .text.HAL_TIM_OC_MspInit
                0x0000000008000ccc       0x50 ./Core/Src/stm32f4xx_hal_msp.o
                0x0000000008000ccc                HAL_TIM_OC_MspInit
 .text.HAL_UART_MspInit
                0x0000000008000d1c       0x90 ./Core/Src/stm32f4xx_hal_msp.o
                0x0000000008000d1c                HAL_UART_MspInit
 .text.NMI_Handler
                0x0000000008000dac        0x6 ./Core/Src/stm32f4xx_it.o
                0x0000000008000dac                NMI_Handler
 .text.HardFault_Handler
                0x0000000008000db2        0x6 ./Core/Src/stm32f4xx_it.o
                0x0000000008000db2                HardFault_Handler
 .text.MemManage_Handler
                0x0000000008000db8        0x6 ./Core/Src/stm32f4xx_it.o
                0x0000000008000db8                MemManage_Handler
 .text.BusFault_Handler
                0x0000000008000dbe        0x6 ./Core/Src/stm32f4xx_it.o
                0x0000000008000dbe                BusFault_Handler
 .text.UsageFault_Handler
                0x0000000008000dc4        0x6 ./Core/Src/stm32f4xx_it.o
                0x0000000008000dc4                UsageFault_Handler
 .text.SVC_Handler
                0x0000000008000dca        0xe ./Core/Src/stm32f4xx_it.o
                0x0000000008000dca                SVC_Handler
 .text.DebugMon_Handler
                0x0000000008000dd8        0xe ./Core/Src/stm32f4xx_it.o
                0x0000000008000dd8                DebugMon_Handler
 .text.PendSV_Handler
                0x0000000008000de6        0xe ./Core/Src/stm32f4xx_it.o
                0x0000000008000de6                PendSV_Handler
 .text.SysTick_Handler
                0x0000000008000df4        0xc ./Core/Src/stm32f4xx_it.o
                0x0000000008000df4                SysTick_Handler
 .text.TIM3_IRQHandler
                0x0000000008000e00       0x14 ./Core/Src/stm32f4xx_it.o
                0x0000000008000e00                TIM3_IRQHandler
 .text.EXTI15_10_IRQHandler
                0x0000000008000e14       0x10 ./Core/Src/stm32f4xx_it.o
                0x0000000008000e14                EXTI15_10_IRQHandler
 .text.BSP_I2C1_Init
                0x0000000008000e24       0x64 ./Core/Src/stm32f4xx_nucleo_bus.o
                0x0000000008000e24                BSP_I2C1_Init
 .text.BSP_I2C1_DeInit
                0x0000000008000e88       0x50 ./Core/Src/stm32f4xx_nucleo_bus.o
                0x0000000008000e88                BSP_I2C1_DeInit
 .text.BSP_I2C1_WriteReg
                0x0000000008000ed8       0x64 ./Core/Src/stm32f4xx_nucleo_bus.o
                0x0000000008000ed8                BSP_I2C1_WriteReg
 .text.BSP_I2C1_ReadReg
                0x0000000008000f3c       0x64 ./Core/Src/stm32f4xx_nucleo_bus.o
                0x0000000008000f3c                BSP_I2C1_ReadReg
 .text.BSP_GetTick
                0x0000000008000fa0        0xe ./Core/Src/stm32f4xx_nucleo_bus.o
                0x0000000008000fa0                BSP_GetTick
 *fill*         0x0000000008000fae        0x2 
 .text.MX_I2C1_Init
                0x0000000008000fb0       0x68 ./Core/Src/stm32f4xx_nucleo_bus.o
                0x0000000008000fb0                MX_I2C1_Init
 .text.I2C1_MspInit
                0x0000000008001018       0x94 ./Core/Src/stm32f4xx_nucleo_bus.o
 .text.I2C1_MspDeInit
                0x00000000080010ac       0x38 ./Core/Src/stm32f4xx_nucleo_bus.o
 .text._sbrk    0x00000000080010e4       0x6c ./Core/Src/sysmem.o
                0x00000000080010e4                _sbrk
 .text.SystemInit
                0x0000000008001150       0x24 ./Core/Src/system_stm32f4xx.o
                0x0000000008001150                SystemInit
 .text.Reset_Handler
                0x0000000008001174       0x50 ./Core/Startup/startup_stm32f401retx.o
                0x0000000008001174                Reset_Handler
 .text.Default_Handler
                0x00000000080011c4        0x2 ./Core/Startup/startup_stm32f401retx.o
                0x00000000080011c4                RTC_Alarm_IRQHandler
                0x00000000080011c4                EXTI2_IRQHandler
                0x00000000080011c4                SPI4_IRQHandler
                0x00000000080011c4                TIM1_CC_IRQHandler
                0x00000000080011c4                DMA2_Stream5_IRQHandler
                0x00000000080011c4                DMA1_Stream5_IRQHandler
                0x00000000080011c4                PVD_IRQHandler
                0x00000000080011c4                SDIO_IRQHandler
                0x00000000080011c4                TAMP_STAMP_IRQHandler
                0x00000000080011c4                EXTI3_IRQHandler
                0x00000000080011c4                TIM1_UP_TIM10_IRQHandler
                0x00000000080011c4                I2C3_ER_IRQHandler
                0x00000000080011c4                EXTI0_IRQHandler
                0x00000000080011c4                I2C2_EV_IRQHandler
                0x00000000080011c4                DMA1_Stream2_IRQHandler
                0x00000000080011c4                FPU_IRQHandler
                0x00000000080011c4                DMA2_Stream2_IRQHandler
                0x00000000080011c4                SPI1_IRQHandler
                0x00000000080011c4                TIM1_BRK_TIM9_IRQHandler
                0x00000000080011c4                DMA2_Stream3_IRQHandler
                0x00000000080011c4                USART6_IRQHandler
                0x00000000080011c4                DMA2_Stream0_IRQHandler
                0x00000000080011c4                TIM4_IRQHandler
                0x00000000080011c4                I2C1_EV_IRQHandler
                0x00000000080011c4                DMA1_Stream6_IRQHandler
                0x00000000080011c4                DMA1_Stream1_IRQHandler
                0x00000000080011c4                RCC_IRQHandler
                0x00000000080011c4                Default_Handler
                0x00000000080011c4                ADC_IRQHandler
                0x00000000080011c4                DMA1_Stream7_IRQHandler
                0x00000000080011c4                TIM5_IRQHandler
                0x00000000080011c4                DMA2_Stream7_IRQHandler
                0x00000000080011c4                I2C3_EV_IRQHandler
                0x00000000080011c4                EXTI9_5_IRQHandler
                0x00000000080011c4                RTC_WKUP_IRQHandler
                0x00000000080011c4                SPI2_IRQHandler
                0x00000000080011c4                DMA1_Stream0_IRQHandler
                0x00000000080011c4                EXTI4_IRQHandler
                0x00000000080011c4                WWDG_IRQHandler
                0x00000000080011c4                TIM2_IRQHandler
                0x00000000080011c4                OTG_FS_WKUP_IRQHandler
                0x00000000080011c4                TIM1_TRG_COM_TIM11_IRQHandler
                0x00000000080011c4                EXTI1_IRQHandler
                0x00000000080011c4                USART2_IRQHandler
                0x00000000080011c4                I2C2_ER_IRQHandler
                0x00000000080011c4                DMA2_Stream1_IRQHandler
                0x00000000080011c4                FLASH_IRQHandler
                0x00000000080011c4                DMA2_Stream4_IRQHandler
                0x00000000080011c4                USART1_IRQHandler
                0x00000000080011c4                OTG_FS_IRQHandler
                0x00000000080011c4                SPI3_IRQHandler
                0x00000000080011c4                DMA1_Stream4_IRQHandler
                0x00000000080011c4                I2C1_ER_IRQHandler
                0x00000000080011c4                DMA2_Stream6_IRQHandler
                0x00000000080011c4                DMA1_Stream3_IRQHandler
 *fill*         0x00000000080011c6        0x2 
 .text.LIS2DW12_RegisterBusIO
                0x00000000080011c8       0xcc ./Drivers/BSP/Components/lis2dw12/lis2dw12.o
                0x00000000080011c8                LIS2DW12_RegisterBusIO
 .text.LIS2DW12_Init
                0x0000000008001294       0xc4 ./Drivers/BSP/Components/lis2dw12/lis2dw12.o
                0x0000000008001294                LIS2DW12_Init
 .text.LIS2DW12_DeInit
                0x0000000008001358       0x44 ./Drivers/BSP/Components/lis2dw12/lis2dw12.o
                0x0000000008001358                LIS2DW12_DeInit
 .text.LIS2DW12_ReadID
                0x000000000800139c       0x2c ./Drivers/BSP/Components/lis2dw12/lis2dw12.o
                0x000000000800139c                LIS2DW12_ReadID
 .text.LIS2DW12_GetCapabilities
                0x00000000080013c8       0x5c ./Drivers/BSP/Components/lis2dw12/lis2dw12.o
                0x00000000080013c8                LIS2DW12_GetCapabilities
 .text.LIS2DW12_ACC_Enable
                0x0000000008001424       0x52 ./Drivers/BSP/Components/lis2dw12/lis2dw12.o
                0x0000000008001424                LIS2DW12_ACC_Enable
 .text.LIS2DW12_ACC_Disable
                0x0000000008001476       0x40 ./Drivers/BSP/Components/lis2dw12/lis2dw12.o
                0x0000000008001476                LIS2DW12_ACC_Disable
 *fill*         0x00000000080014b6        0x2 
 .text.LIS2DW12_ACC_GetSensitivity
                0x00000000080014b8      0x190 ./Drivers/BSP/Components/lis2dw12/lis2dw12.o
                0x00000000080014b8                LIS2DW12_ACC_GetSensitivity
 .text.LIS2DW12_ACC_GetOutputDataRate
                0x0000000008001648      0x404 ./Drivers/BSP/Components/lis2dw12/lis2dw12.o
                0x0000000008001648                LIS2DW12_ACC_GetOutputDataRate
 .text.LIS2DW12_ACC_SetOutputDataRate
                0x0000000008001a4c       0x24 ./Drivers/BSP/Components/lis2dw12/lis2dw12.o
                0x0000000008001a4c                LIS2DW12_ACC_SetOutputDataRate
 .text.LIS2DW12_ACC_SetOutputDataRate_With_Mode
                0x0000000008001a70       0x4c ./Drivers/BSP/Components/lis2dw12/lis2dw12.o
                0x0000000008001a70                LIS2DW12_ACC_SetOutputDataRate_With_Mode
 .text.LIS2DW12_ACC_GetFullScale
                0x0000000008001abc       0x84 ./Drivers/BSP/Components/lis2dw12/lis2dw12.o
                0x0000000008001abc                LIS2DW12_ACC_GetFullScale
 .text.LIS2DW12_ACC_SetFullScale
                0x0000000008001b40       0x50 ./Drivers/BSP/Components/lis2dw12/lis2dw12.o
                0x0000000008001b40                LIS2DW12_ACC_SetFullScale
 .text.LIS2DW12_ACC_GetAxesRaw
                0x0000000008001b90      0x148 ./Drivers/BSP/Components/lis2dw12/lis2dw12.o
                0x0000000008001b90                LIS2DW12_ACC_GetAxesRaw
 .text.LIS2DW12_ACC_GetAxes
                0x0000000008001cd8       0xaa ./Drivers/BSP/Components/lis2dw12/lis2dw12.o
                0x0000000008001cd8                LIS2DW12_ACC_GetAxes
 .text.LIS2DW12_Write_Reg
                0x0000000008001d82       0x36 ./Drivers/BSP/Components/lis2dw12/lis2dw12.o
                0x0000000008001d82                LIS2DW12_Write_Reg
 .text.LIS2DW12_ACC_SetOutputDataRate_When_Enabled
                0x0000000008001db8      0x238 ./Drivers/BSP/Components/lis2dw12/lis2dw12.o
 .text.LIS2DW12_ACC_SetOutputDataRate_When_Disabled
                0x0000000008001ff0      0x124 ./Drivers/BSP/Components/lis2dw12/lis2dw12.o
 .text.ReadRegWrap
                0x0000000008002114       0x36 ./Drivers/BSP/Components/lis2dw12/lis2dw12.o
 .text.WriteRegWrap
                0x000000000800214a       0x36 ./Drivers/BSP/Components/lis2dw12/lis2dw12.o
 .text.lis2dw12_read_reg
                0x0000000008002180       0x30 ./Drivers/BSP/Components/lis2dw12/lis2dw12_reg.o
                0x0000000008002180                lis2dw12_read_reg
 .text.lis2dw12_write_reg
                0x00000000080021b0       0x30 ./Drivers/BSP/Components/lis2dw12/lis2dw12_reg.o
                0x00000000080021b0                lis2dw12_write_reg
 .text.lis2dw12_power_mode_set
                0x00000000080021e0       0x9c ./Drivers/BSP/Components/lis2dw12/lis2dw12_reg.o
                0x00000000080021e0                lis2dw12_power_mode_set
 .text.lis2dw12_power_mode_get
                0x000000000800227c      0x174 ./Drivers/BSP/Components/lis2dw12/lis2dw12_reg.o
                0x000000000800227c                lis2dw12_power_mode_get
 .text.lis2dw12_data_rate_set
                0x00000000080023f0       0x8a ./Drivers/BSP/Components/lis2dw12/lis2dw12_reg.o
                0x00000000080023f0                lis2dw12_data_rate_set
 *fill*         0x000000000800247a        0x2 
 .text.lis2dw12_data_rate_get
                0x000000000800247c      0x194 ./Drivers/BSP/Components/lis2dw12/lis2dw12_reg.o
                0x000000000800247c                lis2dw12_data_rate_get
 .text.lis2dw12_block_data_update_set
                0x0000000008002610       0x4c ./Drivers/BSP/Components/lis2dw12/lis2dw12_reg.o
                0x0000000008002610                lis2dw12_block_data_update_set
 .text.lis2dw12_full_scale_set
                0x000000000800265c       0x4c ./Drivers/BSP/Components/lis2dw12/lis2dw12_reg.o
                0x000000000800265c                lis2dw12_full_scale_set
 .text.lis2dw12_full_scale_get
                0x00000000080026a8       0x70 ./Drivers/BSP/Components/lis2dw12/lis2dw12_reg.o
                0x00000000080026a8                lis2dw12_full_scale_get
 .text.lis2dw12_acceleration_raw_get
                0x0000000008002718       0x96 ./Drivers/BSP/Components/lis2dw12/lis2dw12_reg.o
                0x0000000008002718                lis2dw12_acceleration_raw_get
 .text.lis2dw12_device_id_get
                0x00000000080027ae       0x22 ./Drivers/BSP/Components/lis2dw12/lis2dw12_reg.o
                0x00000000080027ae                lis2dw12_device_id_get
 .text.lis2dw12_auto_increment_set
                0x00000000080027d0       0x4c ./Drivers/BSP/Components/lis2dw12/lis2dw12_reg.o
                0x00000000080027d0                lis2dw12_auto_increment_set
 .text.lis2dw12_fifo_mode_set
                0x000000000800281c       0x4c ./Drivers/BSP/Components/lis2dw12/lis2dw12_reg.o
                0x000000000800281c                lis2dw12_fifo_mode_set
 .text.LIS2MDL_RegisterBusIO
                0x0000000008002868       0xf8 ./Drivers/BSP/Components/lis2mdl/lis2mdl.o
                0x0000000008002868                LIS2MDL_RegisterBusIO
 .text.LIS2MDL_Init
                0x0000000008002960      0x10c ./Drivers/BSP/Components/lis2mdl/lis2mdl.o
                0x0000000008002960                LIS2MDL_Init
 .text.LIS2MDL_DeInit
                0x0000000008002a6c       0x2c ./Drivers/BSP/Components/lis2mdl/lis2mdl.o
                0x0000000008002a6c                LIS2MDL_DeInit
 .text.LIS2MDL_ReadID
                0x0000000008002a98       0x4c ./Drivers/BSP/Components/lis2mdl/lis2mdl.o
                0x0000000008002a98                LIS2MDL_ReadID
 .text.LIS2MDL_GetCapabilities
                0x0000000008002ae4       0x5c ./Drivers/BSP/Components/lis2mdl/lis2mdl.o
                0x0000000008002ae4                LIS2MDL_GetCapabilities
 .text.LIS2MDL_MAG_Enable
                0x0000000008002b40       0x84 ./Drivers/BSP/Components/lis2mdl/lis2mdl.o
                0x0000000008002b40                LIS2MDL_MAG_Enable
 .text.LIS2MDL_MAG_Disable
                0x0000000008002bc4       0x86 ./Drivers/BSP/Components/lis2mdl/lis2mdl.o
                0x0000000008002bc4                LIS2MDL_MAG_Disable
 .text.LIS2MDL_MAG_GetSensitivity
                0x0000000008002c4a       0x20 ./Drivers/BSP/Components/lis2mdl/lis2mdl.o
                0x0000000008002c4a                LIS2MDL_MAG_GetSensitivity
 *fill*         0x0000000008002c6a        0x2 
 .text.LIS2MDL_MAG_GetOutputDataRate
                0x0000000008002c6c       0x8c ./Drivers/BSP/Components/lis2mdl/lis2mdl.o
                0x0000000008002c6c                LIS2MDL_MAG_GetOutputDataRate
 .text.LIS2MDL_MAG_SetOutputDataRate
                0x0000000008002cf8       0xc8 ./Drivers/BSP/Components/lis2mdl/lis2mdl.o
                0x0000000008002cf8                LIS2MDL_MAG_SetOutputDataRate
 .text.LIS2MDL_MAG_GetFullScale
                0x0000000008002dc0       0x1e ./Drivers/BSP/Components/lis2mdl/lis2mdl.o
                0x0000000008002dc0                LIS2MDL_MAG_GetFullScale
 .text.LIS2MDL_MAG_SetFullScale
                0x0000000008002dde       0x18 ./Drivers/BSP/Components/lis2mdl/lis2mdl.o
                0x0000000008002dde                LIS2MDL_MAG_SetFullScale
 .text.LIS2MDL_MAG_GetAxesRaw
                0x0000000008002df6       0x48 ./Drivers/BSP/Components/lis2mdl/lis2mdl.o
                0x0000000008002df6                LIS2MDL_MAG_GetAxesRaw
 .text.LIS2MDL_MAG_GetAxes
                0x0000000008002e3e      0x114 ./Drivers/BSP/Components/lis2mdl/lis2mdl.o
                0x0000000008002e3e                LIS2MDL_MAG_GetAxes
 .text.LIS2MDL_Write_Reg
                0x0000000008002f52       0x56 ./Drivers/BSP/Components/lis2mdl/lis2mdl.o
                0x0000000008002f52                LIS2MDL_Write_Reg
 .text.ReadMagRegWrap
                0x0000000008002fa8       0x82 ./Drivers/BSP/Components/lis2mdl/lis2mdl.o
 .text.WriteMagRegWrap
                0x000000000800302a       0x82 ./Drivers/BSP/Components/lis2mdl/lis2mdl.o
 .text.LSM6DSOX_SENSORHUB_LIS2MDL_ReadShData
                0x00000000080030ac      0x27e ./Drivers/BSP/Components/lis2mdl/lis2mdl.o
 .text.LSM6DSOX_SENSORHUB_LIS2MDL_WriteShData
                0x000000000800332a      0x23c ./Drivers/BSP/Components/lis2mdl/lis2mdl.o
 .text.lis2mdl_read_reg
                0x0000000008003566       0x30 ./Drivers/BSP/Components/lis2mdl/lis2mdl_reg.o
                0x0000000008003566                lis2mdl_read_reg
 .text.lis2mdl_write_reg
                0x0000000008003596       0x30 ./Drivers/BSP/Components/lis2mdl/lis2mdl_reg.o
                0x0000000008003596                lis2mdl_write_reg
 .text.lis2mdl_operating_mode_set
                0x00000000080035c6       0x4c ./Drivers/BSP/Components/lis2mdl/lis2mdl_reg.o
                0x00000000080035c6                lis2mdl_operating_mode_set
 .text.lis2mdl_data_rate_set
                0x0000000008003612       0x4c ./Drivers/BSP/Components/lis2mdl/lis2mdl_reg.o
                0x0000000008003612                lis2mdl_data_rate_set
 *fill*         0x000000000800365e        0x2 
 .text.lis2mdl_data_rate_get
                0x0000000008003660       0x70 ./Drivers/BSP/Components/lis2mdl/lis2mdl_reg.o
                0x0000000008003660                lis2mdl_data_rate_get
 .text.lis2mdl_block_data_update_set
                0x00000000080036d0       0x4c ./Drivers/BSP/Components/lis2mdl/lis2mdl_reg.o
                0x00000000080036d0                lis2mdl_block_data_update_set
 .text.lis2mdl_magnetic_raw_get
                0x000000000800371c       0x96 ./Drivers/BSP/Components/lis2mdl/lis2mdl_reg.o
                0x000000000800371c                lis2mdl_magnetic_raw_get
 .text.lis2mdl_device_id_get
                0x00000000080037b2       0x22 ./Drivers/BSP/Components/lis2mdl/lis2mdl_reg.o
                0x00000000080037b2                lis2mdl_device_id_get
 .text.lis2mdl_self_test_set
                0x00000000080037d4       0x4c ./Drivers/BSP/Components/lis2mdl/lis2mdl_reg.o
                0x00000000080037d4                lis2mdl_self_test_set
 .text.lis2mdl_i2c_interface_set
                0x0000000008003820       0x4c ./Drivers/BSP/Components/lis2mdl/lis2mdl_reg.o
                0x0000000008003820                lis2mdl_i2c_interface_set
 .text.LSM6DSO_RegisterBusIO
                0x000000000800386c       0xcc ./Drivers/BSP/Components/lsm6dso/lsm6dso.o
                0x000000000800386c                LSM6DSO_RegisterBusIO
 .text.LSM6DSO_Init
                0x0000000008003938       0xea ./Drivers/BSP/Components/lsm6dso/lsm6dso.o
                0x0000000008003938                LSM6DSO_Init
 .text.LSM6DSO_DeInit
                0x0000000008003a22       0x4e ./Drivers/BSP/Components/lsm6dso/lsm6dso.o
                0x0000000008003a22                LSM6DSO_DeInit
 .text.LSM6DSO_ReadID
                0x0000000008003a70       0x2c ./Drivers/BSP/Components/lsm6dso/lsm6dso.o
                0x0000000008003a70                LSM6DSO_ReadID
 .text.LSM6DSO_GetCapabilities
                0x0000000008003a9c       0x5c ./Drivers/BSP/Components/lsm6dso/lsm6dso.o
                0x0000000008003a9c                LSM6DSO_GetCapabilities
 .text.LSM6DSO_ACC_Enable
                0x0000000008003af8       0x48 ./Drivers/BSP/Components/lsm6dso/lsm6dso.o
                0x0000000008003af8                LSM6DSO_ACC_Enable
 .text.LSM6DSO_ACC_Disable
                0x0000000008003b40       0x5e ./Drivers/BSP/Components/lsm6dso/lsm6dso.o
                0x0000000008003b40                LSM6DSO_ACC_Disable
 *fill*         0x0000000008003b9e        0x2 
 .text.LSM6DSO_ACC_GetSensitivity
                0x0000000008003ba0       0x8c ./Drivers/BSP/Components/lsm6dso/lsm6dso.o
                0x0000000008003ba0                LSM6DSO_ACC_GetSensitivity
 .text.LSM6DSO_ACC_GetOutputDataRate
                0x0000000008003c2c      0x108 ./Drivers/BSP/Components/lsm6dso/lsm6dso.o
                0x0000000008003c2c                LSM6DSO_ACC_GetOutputDataRate
 .text.LSM6DSO_ACC_SetOutputDataRate
                0x0000000008003d34       0x22 ./Drivers/BSP/Components/lsm6dso/lsm6dso.o
                0x0000000008003d34                LSM6DSO_ACC_SetOutputDataRate
 *fill*         0x0000000008003d56        0x2 
 .text.LSM6DSO_ACC_SetOutputDataRate_With_Mode
                0x0000000008003d58      0x33c ./Drivers/BSP/Components/lsm6dso/lsm6dso.o
                0x0000000008003d58                LSM6DSO_ACC_SetOutputDataRate_With_Mode
 .text.LSM6DSO_ACC_GetFullScale
                0x0000000008004094       0x7c ./Drivers/BSP/Components/lsm6dso/lsm6dso.o
                0x0000000008004094                LSM6DSO_ACC_GetFullScale
 .text.LSM6DSO_ACC_SetFullScale
                0x0000000008004110       0x50 ./Drivers/BSP/Components/lsm6dso/lsm6dso.o
                0x0000000008004110                LSM6DSO_ACC_SetFullScale
 .text.LSM6DSO_ACC_GetAxesRaw
                0x0000000008004160       0x48 ./Drivers/BSP/Components/lsm6dso/lsm6dso.o
                0x0000000008004160                LSM6DSO_ACC_GetAxesRaw
 .text.LSM6DSO_ACC_GetAxes
                0x00000000080041a8       0xae ./Drivers/BSP/Components/lsm6dso/lsm6dso.o
                0x00000000080041a8                LSM6DSO_ACC_GetAxes
 .text.LSM6DSO_GYRO_Enable
                0x0000000008004256       0x48 ./Drivers/BSP/Components/lsm6dso/lsm6dso.o
                0x0000000008004256                LSM6DSO_GYRO_Enable
 .text.LSM6DSO_GYRO_Disable
                0x000000000800429e       0x5e ./Drivers/BSP/Components/lsm6dso/lsm6dso.o
                0x000000000800429e                LSM6DSO_GYRO_Disable
 .text.LSM6DSO_GYRO_GetSensitivity
                0x00000000080042fc       0xa4 ./Drivers/BSP/Components/lsm6dso/lsm6dso.o
                0x00000000080042fc                LSM6DSO_GYRO_GetSensitivity
 .text.LSM6DSO_GYRO_GetOutputDataRate
                0x00000000080043a0       0xf8 ./Drivers/BSP/Components/lsm6dso/lsm6dso.o
                0x00000000080043a0                LSM6DSO_GYRO_GetOutputDataRate
 .text.LSM6DSO_GYRO_SetOutputDataRate
                0x0000000008004498       0x22 ./Drivers/BSP/Components/lsm6dso/lsm6dso.o
                0x0000000008004498                LSM6DSO_GYRO_SetOutputDataRate
 *fill*         0x00000000080044ba        0x2 
 .text.LSM6DSO_GYRO_SetOutputDataRate_With_Mode
                0x00000000080044bc      0x12c ./Drivers/BSP/Components/lsm6dso/lsm6dso.o
                0x00000000080044bc                LSM6DSO_GYRO_SetOutputDataRate_With_Mode
 .text.LSM6DSO_GYRO_GetFullScale
                0x00000000080045e8       0x94 ./Drivers/BSP/Components/lsm6dso/lsm6dso.o
                0x00000000080045e8                LSM6DSO_GYRO_GetFullScale
 .text.LSM6DSO_GYRO_SetFullScale
                0x000000000800467c       0x5e ./Drivers/BSP/Components/lsm6dso/lsm6dso.o
                0x000000000800467c                LSM6DSO_GYRO_SetFullScale
 .text.LSM6DSO_GYRO_GetAxesRaw
                0x00000000080046da       0x48 ./Drivers/BSP/Components/lsm6dso/lsm6dso.o
                0x00000000080046da                LSM6DSO_GYRO_GetAxesRaw
 .text.LSM6DSO_GYRO_GetAxes
                0x0000000008004722       0xa8 ./Drivers/BSP/Components/lsm6dso/lsm6dso.o
                0x0000000008004722                LSM6DSO_GYRO_GetAxes
 .text.LSM6DSO_Write_Reg
                0x00000000080047ca       0x36 ./Drivers/BSP/Components/lsm6dso/lsm6dso.o
                0x00000000080047ca                LSM6DSO_Write_Reg
 .text.LSM6DSO_ACC_SetOutputDataRate_When_Enabled
                0x0000000008004800      0x130 ./Drivers/BSP/Components/lsm6dso/lsm6dso.o
 .text.LSM6DSO_ACC_SetOutputDataRate_When_Disabled
                0x0000000008004930      0x120 ./Drivers/BSP/Components/lsm6dso/lsm6dso.o
 .text.LSM6DSO_GYRO_SetOutputDataRate_When_Enabled
                0x0000000008004a50      0x118 ./Drivers/BSP/Components/lsm6dso/lsm6dso.o
 .text.LSM6DSO_GYRO_SetOutputDataRate_When_Disabled
                0x0000000008004b68      0x104 ./Drivers/BSP/Components/lsm6dso/lsm6dso.o
 .text.ReadRegWrap
                0x0000000008004c6c       0x36 ./Drivers/BSP/Components/lsm6dso/lsm6dso.o
 .text.WriteRegWrap
                0x0000000008004ca2       0x36 ./Drivers/BSP/Components/lsm6dso/lsm6dso.o
 .text.lsm6dso_read_reg
                0x0000000008004cd8       0x30 ./Drivers/BSP/Components/lsm6dso/lsm6dso_reg.o
                0x0000000008004cd8                lsm6dso_read_reg
 .text.lsm6dso_write_reg
                0x0000000008004d08       0x30 ./Drivers/BSP/Components/lsm6dso/lsm6dso_reg.o
                0x0000000008004d08                lsm6dso_write_reg
 .text.lsm6dso_xl_full_scale_set
                0x0000000008004d38       0x4c ./Drivers/BSP/Components/lsm6dso/lsm6dso_reg.o
                0x0000000008004d38                lsm6dso_xl_full_scale_set
 .text.lsm6dso_xl_full_scale_get
                0x0000000008004d84       0x70 ./Drivers/BSP/Components/lsm6dso/lsm6dso_reg.o
                0x0000000008004d84                lsm6dso_xl_full_scale_get
 .text.lsm6dso_xl_data_rate_set
                0x0000000008004df4      0x1f8 ./Drivers/BSP/Components/lsm6dso/lsm6dso_reg.o
                0x0000000008004df4                lsm6dso_xl_data_rate_set
 .text.lsm6dso_xl_data_rate_get
                0x0000000008004fec       0xd0 ./Drivers/BSP/Components/lsm6dso/lsm6dso_reg.o
                0x0000000008004fec                lsm6dso_xl_data_rate_get
 .text.lsm6dso_gy_full_scale_set
                0x00000000080050bc       0x4c ./Drivers/BSP/Components/lsm6dso/lsm6dso_reg.o
                0x00000000080050bc                lsm6dso_gy_full_scale_set
 .text.lsm6dso_gy_full_scale_get
                0x0000000008005108       0x84 ./Drivers/BSP/Components/lsm6dso/lsm6dso_reg.o
                0x0000000008005108                lsm6dso_gy_full_scale_get
 .text.lsm6dso_gy_data_rate_set
                0x000000000800518c      0x1f8 ./Drivers/BSP/Components/lsm6dso/lsm6dso_reg.o
                0x000000000800518c                lsm6dso_gy_data_rate_set
 .text.lsm6dso_gy_data_rate_get
                0x0000000008005384       0xc4 ./Drivers/BSP/Components/lsm6dso/lsm6dso_reg.o
                0x0000000008005384                lsm6dso_gy_data_rate_get
 .text.lsm6dso_block_data_update_set
                0x0000000008005448       0x4c ./Drivers/BSP/Components/lsm6dso/lsm6dso_reg.o
                0x0000000008005448                lsm6dso_block_data_update_set
 .text.lsm6dso_angular_rate_raw_get
                0x0000000008005494       0x96 ./Drivers/BSP/Components/lsm6dso/lsm6dso_reg.o
                0x0000000008005494                lsm6dso_angular_rate_raw_get
 .text.lsm6dso_acceleration_raw_get
                0x000000000800552a       0x96 ./Drivers/BSP/Components/lsm6dso/lsm6dso_reg.o
                0x000000000800552a                lsm6dso_acceleration_raw_get
 .text.lsm6dso_mem_bank_set
                0x00000000080055c0       0x4c ./Drivers/BSP/Components/lsm6dso/lsm6dso_reg.o
                0x00000000080055c0                lsm6dso_mem_bank_set
 .text.lsm6dso_device_id_get
                0x000000000800560c       0x22 ./Drivers/BSP/Components/lsm6dso/lsm6dso_reg.o
                0x000000000800560c                lsm6dso_device_id_get
 .text.lsm6dso_auto_increment_set
                0x000000000800562e       0x4c ./Drivers/BSP/Components/lsm6dso/lsm6dso_reg.o
                0x000000000800562e                lsm6dso_auto_increment_set
 .text.lsm6dso_i3c_disable_set
                0x000000000800567a       0x8c ./Drivers/BSP/Components/lsm6dso/lsm6dso_reg.o
                0x000000000800567a                lsm6dso_i3c_disable_set
 .text.lsm6dso_fifo_mode_set
                0x0000000008005706       0x4c ./Drivers/BSP/Components/lsm6dso/lsm6dso_reg.o
                0x0000000008005706                lsm6dso_fifo_mode_set
 .text.lsm6dso_fsm_enable_get
                0x0000000008005752       0x42 ./Drivers/BSP/Components/lsm6dso/lsm6dso_reg.o
                0x0000000008005752                lsm6dso_fsm_enable_get
 .text.lsm6dso_fsm_data_rate_get
                0x0000000008005794       0x90 ./Drivers/BSP/Components/lsm6dso/lsm6dso_reg.o
                0x0000000008005794                lsm6dso_fsm_data_rate_get
 .text.IKS01A3_MOTION_SENSOR_Init
                0x0000000008005824      0x1f8 ./Drivers/BSP/IKS01A3/iks01a3_motion_sensors.o
                0x0000000008005824                IKS01A3_MOTION_SENSOR_Init
 .text.IKS01A3_MOTION_SENSOR_Enable
                0x0000000008005a1c       0x84 ./Drivers/BSP/IKS01A3/iks01a3_motion_sensors.o
                0x0000000008005a1c                IKS01A3_MOTION_SENSOR_Enable
 .text.IKS01A3_MOTION_SENSOR_GetAxes
                0x0000000008005aa0       0x88 ./Drivers/BSP/IKS01A3/iks01a3_motion_sensors.o
                0x0000000008005aa0                IKS01A3_MOTION_SENSOR_GetAxes
 .text.LSM6DSO_0_Probe
                0x0000000008005b28      0x178 ./Drivers/BSP/IKS01A3/iks01a3_motion_sensors.o
 .text.LIS2DW12_0_Probe
                0x0000000008005ca0      0x148 ./Drivers/BSP/IKS01A3/iks01a3_motion_sensors.o
 .text.LIS2MDL_0_Probe
                0x0000000008005de8      0x148 ./Drivers/BSP/IKS01A3/iks01a3_motion_sensors.o
 .text.HAL_Init
                0x0000000008005f30       0x44 ./Drivers/STM32F4xx_HAL_Driver/Src/stm32f4xx_hal.o
                0x0000000008005f30                HAL_Init
 .text.HAL_InitTick
                0x0000000008005f74       0x60 ./Drivers/STM32F4xx_HAL_Driver/Src/stm32f4xx_hal.o
                0x0000000008005f74                HAL_InitTick
 .text.HAL_IncTick
                0x0000000008005fd4       0x28 ./Drivers/STM32F4xx_HAL_Driver/Src/stm32f4xx_hal.o
                0x0000000008005fd4                HAL_IncTick
 .text.HAL_GetTick
                0x0000000008005ffc       0x18 ./Drivers/STM32F4xx_HAL_Driver/Src/stm32f4xx_hal.o
                0x0000000008005ffc                HAL_GetTick
 .text.__NVIC_SetPriorityGrouping
                0x0000000008006014       0x48 ./Drivers/STM32F4xx_HAL_Driver/Src/stm32f4xx_hal_cortex.o
 .text.__NVIC_GetPriorityGrouping
                0x000000000800605c       0x1c ./Drivers/STM32F4xx_HAL_Driver/Src/stm32f4xx_hal_cortex.o
 .text.__NVIC_EnableIRQ
                0x0000000008006078       0x3c ./Drivers/STM32F4xx_HAL_Driver/Src/stm32f4xx_hal_cortex.o
 .text.__NVIC_SetPriority
                0x00000000080060b4       0x54 ./Drivers/STM32F4xx_HAL_Driver/Src/stm32f4xx_hal_cortex.o
 .text.NVIC_EncodePriority
                0x0000000008006108       0x66 ./Drivers/STM32F4xx_HAL_Driver/Src/stm32f4xx_hal_cortex.o
 *fill*         0x000000000800616e        0x2 
 .text.SysTick_Config
                0x0000000008006170       0x44 ./Drivers/STM32F4xx_HAL_Driver/Src/stm32f4xx_hal_cortex.o
 .text.HAL_NVIC_SetPriorityGrouping
                0x00000000080061b4       0x16 ./Drivers/STM32F4xx_HAL_Driver/Src/stm32f4xx_hal_cortex.o
                0x00000000080061b4                HAL_NVIC_SetPriorityGrouping
 .text.HAL_NVIC_SetPriority
                0x00000000080061ca       0x38 ./Drivers/STM32F4xx_HAL_Driver/Src/stm32f4xx_hal_cortex.o
                0x00000000080061ca                HAL_NVIC_SetPriority
 .text.HAL_NVIC_EnableIRQ
                0x0000000008006202       0x1c ./Drivers/STM32F4xx_HAL_Driver/Src/stm32f4xx_hal_cortex.o
                0x0000000008006202                HAL_NVIC_EnableIRQ
 .text.HAL_SYSTICK_Config
                0x000000000800621e       0x18 ./Drivers/STM32F4xx_HAL_Driver/Src/stm32f4xx_hal_cortex.o
                0x000000000800621e                HAL_SYSTICK_Config
 *fill*         0x0000000008006236        0x2 
 .text.HAL_GPIO_Init
                0x0000000008006238      0x308 ./Drivers/STM32F4xx_HAL_Driver/Src/stm32f4xx_hal_gpio.o
                0x0000000008006238                HAL_GPIO_Init
 .text.HAL_GPIO_DeInit
                0x0000000008006540      0x1c8 ./Drivers/STM32F4xx_HAL_Driver/Src/stm32f4xx_hal_gpio.o
                0x0000000008006540                HAL_GPIO_DeInit
 .text.HAL_GPIO_WritePin
                0x0000000008006708       0x32 ./Drivers/STM32F4xx_HAL_Driver/Src/stm32f4xx_hal_gpio.o
                0x0000000008006708                HAL_GPIO_WritePin
 *fill*         0x000000000800673a        0x2 
 .text.HAL_GPIO_EXTI_IRQHandler
                0x000000000800673c       0x30 ./Drivers/STM32F4xx_HAL_Driver/Src/stm32f4xx_hal_gpio.o
                0x000000000800673c                HAL_GPIO_EXTI_IRQHandler
 .text.HAL_I2C_Init
                0x000000000800676c      0x288 ./Drivers/STM32F4xx_HAL_Driver/Src/stm32f4xx_hal_i2c.o
                0x000000000800676c                HAL_I2C_Init
 .text.HAL_I2C_DeInit
                0x00000000080069f4       0x5e ./Drivers/STM32F4xx_HAL_Driver/Src/stm32f4xx_hal_i2c.o
                0x00000000080069f4                HAL_I2C_DeInit
 .text.HAL_I2C_MspInit
                0x0000000008006a52       0x14 ./Drivers/STM32F4xx_HAL_Driver/Src/stm32f4xx_hal_i2c.o
                0x0000000008006a52                HAL_I2C_MspInit
 .text.HAL_I2C_MspDeInit
                0x0000000008006a66       0x14 ./Drivers/STM32F4xx_HAL_Driver/Src/stm32f4xx_hal_i2c.o
                0x0000000008006a66                HAL_I2C_MspDeInit
 *fill*         0x0000000008006a7a        0x2 
 .text.HAL_I2C_Mem_Write
                0x0000000008006a7c      0x1f4 ./Drivers/STM32F4xx_HAL_Driver/Src/stm32f4xx_hal_i2c.o
                0x0000000008006a7c                HAL_I2C_Mem_Write
 .text.HAL_I2C_Mem_Read
                0x0000000008006c70      0x44c ./Drivers/STM32F4xx_HAL_Driver/Src/stm32f4xx_hal_i2c.o
                0x0000000008006c70                HAL_I2C_Mem_Read
 .text.HAL_I2C_GetState
                0x00000000080070bc       0x1c ./Drivers/STM32F4xx_HAL_Driver/Src/stm32f4xx_hal_i2c.o
                0x00000000080070bc                HAL_I2C_GetState
 .text.HAL_I2C_GetError
                0x00000000080070d8       0x18 ./Drivers/STM32F4xx_HAL_Driver/Src/stm32f4xx_hal_i2c.o
                0x00000000080070d8                HAL_I2C_GetError
 .text.I2C_RequestMemoryWrite
                0x00000000080070f0      0x12c ./Drivers/STM32F4xx_HAL_Driver/Src/stm32f4xx_hal_i2c.o
 .text.I2C_RequestMemoryRead
                0x000000000800721c      0x1d0 ./Drivers/STM32F4xx_HAL_Driver/Src/stm32f4xx_hal_i2c.o
 .text.I2C_WaitOnFlagUntilTimeout
                0x00000000080073ec       0xae ./Drivers/STM32F4xx_HAL_Driver/Src/stm32f4xx_hal_i2c.o
 .text.I2C_WaitOnMasterAddressFlagUntilTimeout
                0x000000000800749a       0xfe ./Drivers/STM32F4xx_HAL_Driver/Src/stm32f4xx_hal_i2c.o
 .text.I2C_WaitOnTXEFlagUntilTimeout
                0x0000000008007598       0x82 ./Drivers/STM32F4xx_HAL_Driver/Src/stm32f4xx_hal_i2c.o
 .text.I2C_WaitOnBTFFlagUntilTimeout
                0x000000000800761a       0x82 ./Drivers/STM32F4xx_HAL_Driver/Src/stm32f4xx_hal_i2c.o
 .text.I2C_WaitOnRXNEFlagUntilTimeout
                0x000000000800769c       0xac ./Drivers/STM32F4xx_HAL_Driver/Src/stm32f4xx_hal_i2c.o
 .text.I2C_IsAcknowledgeFailed
                0x0000000008007748       0x5e ./Drivers/STM32F4xx_HAL_Driver/Src/stm32f4xx_hal_i2c.o
 *fill*         0x00000000080077a6        0x2 
 .text.HAL_RCC_OscConfig
                0x00000000080077a8      0x4f0 ./Drivers/STM32F4xx_HAL_Driver/Src/stm32f4xx_hal_rcc.o
                0x00000000080077a8                HAL_RCC_OscConfig
 .text.HAL_RCC_ClockConfig
                0x0000000008007c98      0x1cc ./Drivers/STM32F4xx_HAL_Driver/Src/stm32f4xx_hal_rcc.o
                0x0000000008007c98                HAL_RCC_ClockConfig
 .text.HAL_RCC_GetSysClockFreq
                0x0000000008007e64      0x1c4 ./Drivers/STM32F4xx_HAL_Driver/Src/stm32f4xx_hal_rcc.o
                0x0000000008007e64                HAL_RCC_GetSysClockFreq
 .text.HAL_RCC_GetHCLKFreq
                0x0000000008008028       0x18 ./Drivers/STM32F4xx_HAL_Driver/Src/stm32f4xx_hal_rcc.o
                0x0000000008008028                HAL_RCC_GetHCLKFreq
 .text.HAL_RCC_GetPCLK1Freq
                0x0000000008008040       0x28 ./Drivers/STM32F4xx_HAL_Driver/Src/stm32f4xx_hal_rcc.o
                0x0000000008008040                HAL_RCC_GetPCLK1Freq
 .text.HAL_RCC_GetPCLK2Freq
                0x0000000008008068       0x28 ./Drivers/STM32F4xx_HAL_Driver/Src/stm32f4xx_hal_rcc.o
                0x0000000008008068                HAL_RCC_GetPCLK2Freq
 .text.HAL_TIM_OC_Init
                0x0000000008008090       0x9e ./Drivers/STM32F4xx_HAL_Driver/Src/stm32f4xx_hal_tim.o
                0x0000000008008090                HAL_TIM_OC_Init
 *fill*         0x000000000800812e        0x2 
 .text.HAL_TIM_OC_Start_IT
                0x0000000008008130      0x1fc ./Drivers/STM32F4xx_HAL_Driver/Src/stm32f4xx_hal_tim.o
                0x0000000008008130                HAL_TIM_OC_Start_IT
 .text.HAL_TIM_IRQHandler
                0x000000000800832c      0x210 ./Drivers/STM32F4xx_HAL_Driver/Src/stm32f4xx_hal_tim.o
                0x000000000800832c                HAL_TIM_IRQHandler
 .text.HAL_TIM_OC_ConfigChannel
                0x000000000800853c       0xb8 ./Drivers/STM32F4xx_HAL_Driver/Src/stm32f4xx_hal_tim.o
                0x000000000800853c                HAL_TIM_OC_ConfigChannel
 .text.HAL_TIM_ReadCapturedValue
                0x00000000080085f4       0x88 ./Drivers/STM32F4xx_HAL_Driver/Src/stm32f4xx_hal_tim.o
                0x00000000080085f4                HAL_TIM_ReadCapturedValue
 .text.HAL_TIM_PeriodElapsedCallback
                0x000000000800867c       0x14 ./Drivers/STM32F4xx_HAL_Driver/Src/stm32f4xx_hal_tim.o
                0x000000000800867c                HAL_TIM_PeriodElapsedCallback
 .text.HAL_TIM_IC_CaptureCallback
                0x0000000008008690       0x14 ./Drivers/STM32F4xx_HAL_Driver/Src/stm32f4xx_hal_tim.o
                0x0000000008008690                HAL_TIM_IC_CaptureCallback
 .text.HAL_TIM_PWM_PulseFinishedCallback
                0x00000000080086a4       0x14 ./Drivers/STM32F4xx_HAL_Driver/Src/stm32f4xx_hal_tim.o
                0x00000000080086a4                HAL_TIM_PWM_PulseFinishedCallback
 .text.HAL_TIM_TriggerCallback
                0x00000000080086b8       0x14 ./Drivers/STM32F4xx_HAL_Driver/Src/stm32f4xx_hal_tim.o
                0x00000000080086b8                HAL_TIM_TriggerCallback
 .text.TIM_Base_SetConfig
                0x00000000080086cc      0x100 ./Drivers/STM32F4xx_HAL_Driver/Src/stm32f4xx_hal_tim.o
                0x00000000080086cc                TIM_Base_SetConfig
 .text.TIM_OC1_SetConfig
                0x00000000080087cc       0xcc ./Drivers/STM32F4xx_HAL_Driver/Src/stm32f4xx_hal_tim.o
 .text.TIM_OC2_SetConfig
                0x0000000008008898       0xd8 ./Drivers/STM32F4xx_HAL_Driver/Src/stm32f4xx_hal_tim.o
                0x0000000008008898                TIM_OC2_SetConfig
 .text.TIM_OC3_SetConfig
                0x0000000008008970       0xd4 ./Drivers/STM32F4xx_HAL_Driver/Src/stm32f4xx_hal_tim.o
 .text.TIM_OC4_SetConfig
                0x0000000008008a44       0xa0 ./Drivers/STM32F4xx_HAL_Driver/Src/stm32f4xx_hal_tim.o
 .text.TIM_CCxChannelCmd
                0x0000000008008ae4       0x4a ./Drivers/STM32F4xx_HAL_Driver/Src/stm32f4xx_hal_tim.o
                0x0000000008008ae4                TIM_CCxChannelCmd
 *fill*         0x0000000008008b2e        0x2 
 .text.HAL_TIMEx_MasterConfigSynchronization
                0x0000000008008b30       0xdc ./Drivers/STM32F4xx_HAL_Driver/Src/stm32f4xx_hal_tim_ex.o
                0x0000000008008b30                HAL_TIMEx_MasterConfigSynchronization
 .text.HAL_TIMEx_CommutCallback
                0x0000000008008c0c       0x14 ./Drivers/STM32F4xx_HAL_Driver/Src/stm32f4xx_hal_tim_ex.o
                0x0000000008008c0c                HAL_TIMEx_CommutCallback
 .text.HAL_TIMEx_BreakCallback
                0x0000000008008c20       0x14 ./Drivers/STM32F4xx_HAL_Driver/Src/stm32f4xx_hal_tim_ex.o
                0x0000000008008c20                HAL_TIMEx_BreakCallback
 .text.HAL_UART_Init
                0x0000000008008c34       0x9a ./Drivers/STM32F4xx_HAL_Driver/Src/stm32f4xx_hal_uart.o
                0x0000000008008c34                HAL_UART_Init
 .text.HAL_UART_Transmit
                0x0000000008008cce      0x124 ./Drivers/STM32F4xx_HAL_Driver/Src/stm32f4xx_hal_uart.o
                0x0000000008008cce                HAL_UART_Transmit
 .text.UART_WaitOnFlagUntilTimeout
                0x0000000008008df2       0xdc ./Drivers/STM32F4xx_HAL_Driver/Src/stm32f4xx_hal_uart.o
 *fill*         0x0000000008008ece        0x2 
 .text.UART_SetConfig
                0x0000000008008ed0      0x390 ./Drivers/STM32F4xx_HAL_Driver/Src/stm32f4xx_hal_uart.o
 .text.__errno  0x0000000008009260        0xc d:/programmi/es4sa/stm32cubeide_1.7.0/stm32cubeide/plugins/com.st.stm32cube.ide.mcu.externaltools.gnu-tools-for-stm32.9-2020-q2-update.win32_2.0.0.202105311346/tools/bin/../lib/gcc/arm-none-eabi/9.3.1/../../../../arm-none-eabi/lib/thumb/v7e-m+fp/hard\libc_nano.a(lib_a-errno.o)
                0x0000000008009260                __errno
 .text.__libc_init_array
                0x000000000800926c       0x48 d:/programmi/es4sa/stm32cubeide_1.7.0/stm32cubeide/plugins/com.st.stm32cube.ide.mcu.externaltools.gnu-tools-for-stm32.9-2020-q2-update.win32_2.0.0.202105311346/tools/bin/../lib/gcc/arm-none-eabi/9.3.1/../../../../arm-none-eabi/lib/thumb/v7e-m+fp/hard\libc_nano.a(lib_a-init.o)
                0x000000000800926c                __libc_init_array
 .text.memset   0x00000000080092b4       0x10 d:/programmi/es4sa/stm32cubeide_1.7.0/stm32cubeide/plugins/com.st.stm32cube.ide.mcu.externaltools.gnu-tools-for-stm32.9-2020-q2-update.win32_2.0.0.202105311346/tools/bin/../lib/gcc/arm-none-eabi/9.3.1/../../../../arm-none-eabi/lib/thumb/v7e-m+fp/hard\libc_nano.a(lib_a-memset.o)
                0x00000000080092b4                memset
 .text.sprintf  0x00000000080092c4       0x40 d:/programmi/es4sa/stm32cubeide_1.7.0/stm32cubeide/plugins/com.st.stm32cube.ide.mcu.externaltools.gnu-tools-for-stm32.9-2020-q2-update.win32_2.0.0.202105311346/tools/bin/../lib/gcc/arm-none-eabi/9.3.1/../../../../arm-none-eabi/lib/thumb/v7e-m+fp/hard\libc_nano.a(lib_a-sprintf.o)
                0x00000000080092c4                siprintf
                0x00000000080092c4                sprintf
 .text.__ssputs_r
                0x0000000008009304       0xb6 d:/programmi/es4sa/stm32cubeide_1.7.0/stm32cubeide/plugins/com.st.stm32cube.ide.mcu.externaltools.gnu-tools-for-stm32.9-2020-q2-update.win32_2.0.0.202105311346/tools/bin/../lib/gcc/arm-none-eabi/9.3.1/../../../../arm-none-eabi/lib/thumb/v7e-m+fp/hard\libc_nano.a(lib_a-nano-svfprintf.o)
                0x0000000008009304                __ssputs_r
 *fill*         0x00000000080093ba        0x2 
 .text._svfprintf_r
                0x00000000080093bc      0x200 d:/programmi/es4sa/stm32cubeide_1.7.0/stm32cubeide/plugins/com.st.stm32cube.ide.mcu.externaltools.gnu-tools-for-stm32.9-2020-q2-update.win32_2.0.0.202105311346/tools/bin/../lib/gcc/arm-none-eabi/9.3.1/../../../../arm-none-eabi/lib/thumb/v7e-m+fp/hard\libc_nano.a(lib_a-nano-svfprintf.o)
                0x00000000080093bc                _svfiprintf_r
                0x00000000080093bc                _svfprintf_r
 .text._printf_common
                0x00000000080095bc       0xda d:/programmi/es4sa/stm32cubeide_1.7.0/stm32cubeide/plugins/com.st.stm32cube.ide.mcu.externaltools.gnu-tools-for-stm32.9-2020-q2-update.win32_2.0.0.202105311346/tools/bin/../lib/gcc/arm-none-eabi/9.3.1/../../../../arm-none-eabi/lib/thumb/v7e-m+fp/hard\libc_nano.a(lib_a-nano-vfprintf_i.o)
                0x00000000080095bc                _printf_common
 *fill*         0x0000000008009696        0x2 
 .text._printf_i
                0x0000000008009698      0x24c d:/programmi/es4sa/stm32cubeide_1.7.0/stm32cubeide/plugins/com.st.stm32cube.ide.mcu.externaltools.gnu-tools-for-stm32.9-2020-q2-update.win32_2.0.0.202105311346/tools/bin/../lib/gcc/arm-none-eabi/9.3.1/../../../../arm-none-eabi/lib/thumb/v7e-m+fp/hard\libc_nano.a(lib_a-nano-vfprintf_i.o)
                0x0000000008009698                _printf_i
 .text.memcpy   0x00000000080098e4       0x1c d:/programmi/es4sa/stm32cubeide_1.7.0/stm32cubeide/plugins/com.st.stm32cube.ide.mcu.externaltools.gnu-tools-for-stm32.9-2020-q2-update.win32_2.0.0.202105311346/tools/bin/../lib/gcc/arm-none-eabi/9.3.1/../../../../arm-none-eabi/lib/thumb/v7e-m+fp/hard\libc_nano.a(lib_a-memcpy-stub.o)
                0x00000000080098e4                memcpy
 .text.memmove  0x0000000008009900       0x34 d:/programmi/es4sa/stm32cubeide_1.7.0/stm32cubeide/plugins/com.st.stm32cube.ide.mcu.externaltools.gnu-tools-for-stm32.9-2020-q2-update.win32_2.0.0.202105311346/tools/bin/../lib/gcc/arm-none-eabi/9.3.1/../../../../arm-none-eabi/lib/thumb/v7e-m+fp/hard\libc_nano.a(lib_a-memmove.o)
                0x0000000008009900                memmove
 .text._free_r  0x0000000008009934       0xa0 d:/programmi/es4sa/stm32cubeide_1.7.0/stm32cubeide/plugins/com.st.stm32cube.ide.mcu.externaltools.gnu-tools-for-stm32.9-2020-q2-update.win32_2.0.0.202105311346/tools/bin/../lib/gcc/arm-none-eabi/9.3.1/../../../../arm-none-eabi/lib/thumb/v7e-m+fp/hard\libc_nano.a(lib_a-nano-freer.o)
                0x0000000008009934                _free_r
 .text._malloc_r
                0x00000000080099d4       0xb4 d:/programmi/es4sa/stm32cubeide_1.7.0/stm32cubeide/plugins/com.st.stm32cube.ide.mcu.externaltools.gnu-tools-for-stm32.9-2020-q2-update.win32_2.0.0.202105311346/tools/bin/../lib/gcc/arm-none-eabi/9.3.1/../../../../arm-none-eabi/lib/thumb/v7e-m+fp/hard\libc_nano.a(lib_a-nano-mallocr.o)
                0x00000000080099d4                _malloc_r
 .text._realloc_r
                0x0000000008009a88       0x4c d:/programmi/es4sa/stm32cubeide_1.7.0/stm32cubeide/plugins/com.st.stm32cube.ide.mcu.externaltools.gnu-tools-for-stm32.9-2020-q2-update.win32_2.0.0.202105311346/tools/bin/../lib/gcc/arm-none-eabi/9.3.1/../../../../arm-none-eabi/lib/thumb/v7e-m+fp/hard\libc_nano.a(lib_a-nano-reallocr.o)
                0x0000000008009a88                _realloc_r
 .text._sbrk_r  0x0000000008009ad4       0x20 d:/programmi/es4sa/stm32cubeide_1.7.0/stm32cubeide/plugins/com.st.stm32cube.ide.mcu.externaltools.gnu-tools-for-stm32.9-2020-q2-update.win32_2.0.0.202105311346/tools/bin/../lib/gcc/arm-none-eabi/9.3.1/../../../../arm-none-eabi/lib/thumb/v7e-m+fp/hard\libc_nano.a(lib_a-sbrkr.o)
                0x0000000008009ad4                _sbrk_r
 .text.__malloc_lock
                0x0000000008009af4        0xc d:/programmi/es4sa/stm32cubeide_1.7.0/stm32cubeide/plugins/com.st.stm32cube.ide.mcu.externaltools.gnu-tools-for-stm32.9-2020-q2-update.win32_2.0.0.202105311346/tools/bin/../lib/gcc/arm-none-eabi/9.3.1/../../../../arm-none-eabi/lib/thumb/v7e-m+fp/hard\libc_nano.a(lib_a-mlock.o)
                0x0000000008009af4                __malloc_lock
 .text.__malloc_unlock
                0x0000000008009b00        0xc d:/programmi/es4sa/stm32cubeide_1.7.0/stm32cubeide/plugins/com.st.stm32cube.ide.mcu.externaltools.gnu-tools-for-stm32.9-2020-q2-update.win32_2.0.0.202105311346/tools/bin/../lib/gcc/arm-none-eabi/9.3.1/../../../../arm-none-eabi/lib/thumb/v7e-m+fp/hard\libc_nano.a(lib_a-mlock.o)
                0x0000000008009b00                __malloc_unlock
 .text._malloc_usable_size_r
                0x0000000008009b0c       0x10 d:/programmi/es4sa/stm32cubeide_1.7.0/stm32cubeide/plugins/com.st.stm32cube.ide.mcu.externaltools.gnu-tools-for-stm32.9-2020-q2-update.win32_2.0.0.202105311346/tools/bin/../lib/gcc/arm-none-eabi/9.3.1/../../../../arm-none-eabi/lib/thumb/v7e-m+fp/hard\libc_nano.a(lib_a-nano-msizer.o)
                0x0000000008009b0c                _malloc_usable_size_r
 .text.__retarget_lock_acquire_recursive
                0x0000000008009b1c        0x2 d:/programmi/es4sa/stm32cubeide_1.7.0/stm32cubeide/plugins/com.st.stm32cube.ide.mcu.externaltools.gnu-tools-for-stm32.9-2020-q2-update.win32_2.0.0.202105311346/tools/bin/../lib/gcc/arm-none-eabi/9.3.1/../../../../arm-none-eabi/lib/thumb/v7e-m+fp/hard\libc_nano.a(lib_a-lock.o)
                0x0000000008009b1c                __retarget_lock_acquire_recursive
 .text.__retarget_lock_release_recursive
                0x0000000008009b1e        0x2 d:/programmi/es4sa/stm32cubeide_1.7.0/stm32cubeide/plugins/com.st.stm32cube.ide.mcu.externaltools.gnu-tools-for-stm32.9-2020-q2-update.win32_2.0.0.202105311346/tools/bin/../lib/gcc/arm-none-eabi/9.3.1/../../../../arm-none-eabi/lib/thumb/v7e-m+fp/hard\libc_nano.a(lib_a-lock.o)
                0x0000000008009b1e                __retarget_lock_release_recursive
 *(.glue_7)
 .glue_7        0x0000000008009b20        0x0 linker stubs
 *(.glue_7t)
 .glue_7t       0x0000000008009b20        0x0 linker stubs
 *(.eh_frame)
 .eh_frame      0x0000000008009b20        0x0 d:/programmi/es4sa/stm32cubeide_1.7.0/stm32cubeide/plugins/com.st.stm32cube.ide.mcu.externaltools.gnu-tools-for-stm32.9-2020-q2-update.win32_2.0.0.202105311346/tools/bin/../lib/gcc/arm-none-eabi/9.3.1/thumb/v7e-m+fp/hard/crtbegin.o
 *(.init)
 .init          0x0000000008009b20        0x4 d:/programmi/es4sa/stm32cubeide_1.7.0/stm32cubeide/plugins/com.st.stm32cube.ide.mcu.externaltools.gnu-tools-for-stm32.9-2020-q2-update.win32_2.0.0.202105311346/tools/bin/../lib/gcc/arm-none-eabi/9.3.1/thumb/v7e-m+fp/hard/crti.o
                0x0000000008009b20                _init
 .init          0x0000000008009b24        0x8 d:/programmi/es4sa/stm32cubeide_1.7.0/stm32cubeide/plugins/com.st.stm32cube.ide.mcu.externaltools.gnu-tools-for-stm32.9-2020-q2-update.win32_2.0.0.202105311346/tools/bin/../lib/gcc/arm-none-eabi/9.3.1/thumb/v7e-m+fp/hard/crtn.o
 *(.fini)
 .fini          0x0000000008009b2c        0x4 d:/programmi/es4sa/stm32cubeide_1.7.0/stm32cubeide/plugins/com.st.stm32cube.ide.mcu.externaltools.gnu-tools-for-stm32.9-2020-q2-update.win32_2.0.0.202105311346/tools/bin/../lib/gcc/arm-none-eabi/9.3.1/thumb/v7e-m+fp/hard/crti.o
                0x0000000008009b2c                _fini
 .fini          0x0000000008009b30        0x8 d:/programmi/es4sa/stm32cubeide_1.7.0/stm32cubeide/plugins/com.st.stm32cube.ide.mcu.externaltools.gnu-tools-for-stm32.9-2020-q2-update.win32_2.0.0.202105311346/tools/bin/../lib/gcc/arm-none-eabi/9.3.1/thumb/v7e-m+fp/hard/crtn.o
                0x0000000008009b38                . = ALIGN (0x4)
                0x0000000008009b38                _etext = .

.vfp11_veneer   0x0000000008009b38        0x0
 .vfp11_veneer  0x0000000008009b38        0x0 linker stubs

.v4_bx          0x0000000008009b38        0x0
 .v4_bx         0x0000000008009b38        0x0 linker stubs

.iplt           0x0000000008009b38        0x0
 .iplt          0x0000000008009b38        0x0 d:/programmi/es4sa/stm32cubeide_1.7.0/stm32cubeide/plugins/com.st.stm32cube.ide.mcu.externaltools.gnu-tools-for-stm32.9-2020-q2-update.win32_2.0.0.202105311346/tools/bin/../lib/gcc/arm-none-eabi/9.3.1/thumb/v7e-m+fp/hard/crtbegin.o

.rodata         0x0000000008009b38       0x7c
                0x0000000008009b38                . = ALIGN (0x4)
 *(.rodata)
 .rodata        0x0000000008009b38       0x2f ./Core/Src/main.o
 *(.rodata*)
 *fill*         0x0000000008009b67        0x1 
 .rodata.AHBPrescTable
                0x0000000008009b68       0x10 ./Core/Src/system_stm32f4xx.o
                0x0000000008009b68                AHBPrescTable
 .rodata.APBPrescTable
                0x0000000008009b78        0x8 ./Core/Src/system_stm32f4xx.o
                0x0000000008009b78                APBPrescTable
 .rodata._svfprintf_r.str1.1
                0x0000000008009b80       0x11 d:/programmi/es4sa/stm32cubeide_1.7.0/stm32cubeide/plugins/com.st.stm32cube.ide.mcu.externaltools.gnu-tools-for-stm32.9-2020-q2-update.win32_2.0.0.202105311346/tools/bin/../lib/gcc/arm-none-eabi/9.3.1/../../../../arm-none-eabi/lib/thumb/v7e-m+fp/hard\libc_nano.a(lib_a-nano-svfprintf.o)
 .rodata._printf_i.str1.1
                0x0000000008009b91       0x22 d:/programmi/es4sa/stm32cubeide_1.7.0/stm32cubeide/plugins/com.st.stm32cube.ide.mcu.externaltools.gnu-tools-for-stm32.9-2020-q2-update.win32_2.0.0.202105311346/tools/bin/../lib/gcc/arm-none-eabi/9.3.1/../../../../arm-none-eabi/lib/thumb/v7e-m+fp/hard\libc_nano.a(lib_a-nano-vfprintf_i.o)
                0x0000000008009bb4                . = ALIGN (0x4)
 *fill*         0x0000000008009bb3        0x1 

.ARM.extab      0x0000000008009bb4        0x0
                0x0000000008009bb4                . = ALIGN (0x4)
 *(.ARM.extab* .gnu.linkonce.armextab.*)
                0x0000000008009bb4                . = ALIGN (0x4)

.ARM            0x0000000008009bb4        0x8
                0x0000000008009bb4                . = ALIGN (0x4)
                0x0000000008009bb4                __exidx_start = .
 *(.ARM.exidx*)
 .ARM.exidx     0x0000000008009bb4        0x8 d:/programmi/es4sa/stm32cubeide_1.7.0/stm32cubeide/plugins/com.st.stm32cube.ide.mcu.externaltools.gnu-tools-for-stm32.9-2020-q2-update.win32_2.0.0.202105311346/tools/bin/../lib/gcc/arm-none-eabi/9.3.1/thumb/v7e-m+fp/hard\libgcc.a(_udivmoddi4.o)
                0x0000000008009bbc                __exidx_end = .
                0x0000000008009bbc                . = ALIGN (0x4)

.rel.dyn        0x0000000008009bbc        0x0
 .rel.iplt      0x0000000008009bbc        0x0 d:/programmi/es4sa/stm32cubeide_1.7.0/stm32cubeide/plugins/com.st.stm32cube.ide.mcu.externaltools.gnu-tools-for-stm32.9-2020-q2-update.win32_2.0.0.202105311346/tools/bin/../lib/gcc/arm-none-eabi/9.3.1/thumb/v7e-m+fp/hard/crtbegin.o

.preinit_array  0x0000000008009bbc        0x0
                0x0000000008009bbc                . = ALIGN (0x4)
                0x0000000008009bbc                PROVIDE (__preinit_array_start = .)
 *(.preinit_array*)
                0x0000000008009bbc                PROVIDE (__preinit_array_end = .)
                0x0000000008009bbc                . = ALIGN (0x4)

.init_array     0x0000000008009bbc        0x4
                0x0000000008009bbc                . = ALIGN (0x4)
                0x0000000008009bbc                PROVIDE (__init_array_start = .)
 *(SORT_BY_NAME(.init_array.*))
 *(.init_array*)
 .init_array    0x0000000008009bbc        0x4 d:/programmi/es4sa/stm32cubeide_1.7.0/stm32cubeide/plugins/com.st.stm32cube.ide.mcu.externaltools.gnu-tools-for-stm32.9-2020-q2-update.win32_2.0.0.202105311346/tools/bin/../lib/gcc/arm-none-eabi/9.3.1/thumb/v7e-m+fp/hard/crtbegin.o
                0x0000000008009bc0                PROVIDE (__init_array_end = .)
                0x0000000008009bc0                . = ALIGN (0x4)

.fini_array     0x0000000008009bc0        0x4
                0x0000000008009bc0                . = ALIGN (0x4)
                [!provide]                        PROVIDE (__fini_array_start = .)
 *(SORT_BY_NAME(.fini_array.*))
 *(.fini_array*)
 .fini_array    0x0000000008009bc0        0x4 d:/programmi/es4sa/stm32cubeide_1.7.0/stm32cubeide/plugins/com.st.stm32cube.ide.mcu.externaltools.gnu-tools-for-stm32.9-2020-q2-update.win32_2.0.0.202105311346/tools/bin/../lib/gcc/arm-none-eabi/9.3.1/thumb/v7e-m+fp/hard/crtbegin.o
                [!provide]                        PROVIDE (__fini_array_end = .)
                0x0000000008009bc4                . = ALIGN (0x4)
                0x0000000008009bc4                _sidata = LOADADDR (.data)

.data           0x0000000020000000      0x148 load address 0x0000000008009bc4
                0x0000000020000000                . = ALIGN (0x4)
                0x0000000020000000                _sdata = .
 *(.data)
 *(.data*)
 .data.pulse    0x0000000020000000        0x2 ./Core/Src/main.o
                0x0000000020000000                pulse
 *fill*         0x0000000020000002        0x2 
 .data.SystemCoreClock
                0x0000000020000004        0x4 ./Core/Src/system_stm32f4xx.o
                0x0000000020000004                SystemCoreClock
 .data.LIS2DW12_COMMON_Driver
                0x0000000020000008       0x10 ./Drivers/BSP/Components/lis2dw12/lis2dw12.o
                0x0000000020000008                LIS2DW12_COMMON_Driver
 .data.LIS2DW12_ACC_Driver
                0x0000000020000018       0x24 ./Drivers/BSP/Components/lis2dw12/lis2dw12.o
                0x0000000020000018                LIS2DW12_ACC_Driver
 .data.LIS2MDL_COMMON_Driver
                0x000000002000003c       0x10 ./Drivers/BSP/Components/lis2mdl/lis2mdl.o
                0x000000002000003c                LIS2MDL_COMMON_Driver
 .data.LIS2MDL_MAG_Driver
                0x000000002000004c       0x24 ./Drivers/BSP/Components/lis2mdl/lis2mdl.o
                0x000000002000004c                LIS2MDL_MAG_Driver
 .data.LSM6DSO_COMMON_Driver
                0x0000000020000070       0x10 ./Drivers/BSP/Components/lsm6dso/lsm6dso.o
                0x0000000020000070                LSM6DSO_COMMON_Driver
 .data.LSM6DSO_ACC_Driver
                0x0000000020000080       0x24 ./Drivers/BSP/Components/lsm6dso/lsm6dso.o
                0x0000000020000080                LSM6DSO_ACC_Driver
 .data.LSM6DSO_GYRO_Driver
                0x00000000200000a4       0x24 ./Drivers/BSP/Components/lsm6dso/lsm6dso.o
                0x00000000200000a4                LSM6DSO_GYRO_Driver
 .data.FunctionIndex
                0x00000000200000c8       0x14 ./Drivers/BSP/IKS01A3/iks01a3_motion_sensors.o
 .data.uwTickPrio
                0x00000000200000dc        0x4 ./Drivers/STM32F4xx_HAL_Driver/Src/stm32f4xx_hal.o
                0x00000000200000dc                uwTickPrio
 .data.uwTickFreq
                0x00000000200000e0        0x1 ./Drivers/STM32F4xx_HAL_Driver/Src/stm32f4xx_hal.o
                0x00000000200000e0                uwTickFreq
 *fill*         0x00000000200000e1        0x3 
 .data._impure_ptr
                0x00000000200000e4        0x4 d:/programmi/es4sa/stm32cubeide_1.7.0/stm32cubeide/plugins/com.st.stm32cube.ide.mcu.externaltools.gnu-tools-for-stm32.9-2020-q2-update.win32_2.0.0.202105311346/tools/bin/../lib/gcc/arm-none-eabi/9.3.1/../../../../arm-none-eabi/lib/thumb/v7e-m+fp/hard\libc_nano.a(lib_a-impure.o)
                0x00000000200000e4                _impure_ptr
 .data.impure_data
                0x00000000200000e8       0x60 d:/programmi/es4sa/stm32cubeide_1.7.0/stm32cubeide/plugins/com.st.stm32cube.ide.mcu.externaltools.gnu-tools-for-stm32.9-2020-q2-update.win32_2.0.0.202105311346/tools/bin/../lib/gcc/arm-none-eabi/9.3.1/../../../../arm-none-eabi/lib/thumb/v7e-m+fp/hard\libc_nano.a(lib_a-impure.o)
 *(.RamFunc)
 *(.RamFunc*)
                0x0000000020000148                . = ALIGN (0x4)
                0x0000000020000148                _edata = .

.igot.plt       0x0000000020000148        0x0 load address 0x0000000008009d0c
 .igot.plt      0x0000000020000148        0x0 d:/programmi/es4sa/stm32cubeide_1.7.0/stm32cubeide/plugins/com.st.stm32cube.ide.mcu.externaltools.gnu-tools-for-stm32.9-2020-q2-update.win32_2.0.0.202105311346/tools/bin/../lib/gcc/arm-none-eabi/9.3.1/thumb/v7e-m+fp/hard/crtbegin.o
                0x0000000020000148                . = ALIGN (0x4)

.bss            0x0000000020000148      0x360 load address 0x0000000008009d0c
                0x0000000020000148                _sbss = .
                0x0000000020000148                __bss_start__ = _sbss
 *(.bss)
 .bss           0x0000000020000148       0x1c d:/programmi/es4sa/stm32cubeide_1.7.0/stm32cubeide/plugins/com.st.stm32cube.ide.mcu.externaltools.gnu-tools-for-stm32.9-2020-q2-update.win32_2.0.0.202105311346/tools/bin/../lib/gcc/arm-none-eabi/9.3.1/thumb/v7e-m+fp/hard/crtbegin.o
 *(.bss*)
 .bss.isSampling
                0x0000000020000164        0x1 ./Core/Src/main.o
                0x0000000020000164                isSampling
 *fill*         0x0000000020000165        0x3 
 .bss.filt_value
                0x0000000020000168        0xc ./Core/Src/main.o
                0x0000000020000168                filt_value
 .bss.sum_readings
                0x0000000020000174        0xc ./Core/Src/main.o
                0x0000000020000174                sum_readings
 .bss.i         0x0000000020000180        0x3 ./Core/Src/main.o
                0x0000000020000180                i
 *fill*         0x0000000020000183        0x1 
 .bss.accelero_readings
                0x0000000020000184      0x12c ./Core/Src/main.o
                0x0000000020000184                accelero_readings
 .bss.isBtnPressed
                0x00000000200002b0        0x1 ./Core/Src/main.o
                0x00000000200002b0                isBtnPressed
 *fill*         0x00000000200002b1        0x3 
 .bss.I2C1InitCounter
                0x00000000200002b4        0x4 ./Core/Src/stm32f4xx_nucleo_bus.o
 .bss.__sbrk_heap_end
                0x00000000200002b8        0x4 ./Core/Src/sysmem.o
 .bss.MotionFuncDrv
                0x00000000200002bc       0x24 ./Drivers/BSP/IKS01A3/iks01a3_motion_sensors.o
 .bss.MotionDrv
                0x00000000200002e0        0xc ./Drivers/BSP/IKS01A3/iks01a3_motion_sensors.o
 .bss.MotionCtx
                0x00000000200002ec        0xc ./Drivers/BSP/IKS01A3/iks01a3_motion_sensors.o
 .bss.lsm6dso_obj_0.14315
                0x00000000200002f8       0x30 ./Drivers/BSP/IKS01A3/iks01a3_motion_sensors.o
 .bss.lis2dw12_obj_0.14323
                0x0000000020000328       0x34 ./Drivers/BSP/IKS01A3/iks01a3_motion_sensors.o
 .bss.lis2mdl_obj_0.14331
                0x000000002000035c       0x2c ./Drivers/BSP/IKS01A3/iks01a3_motion_sensors.o
 .bss.__malloc_free_list
                0x0000000020000388        0x4 d:/programmi/es4sa/stm32cubeide_1.7.0/stm32cubeide/plugins/com.st.stm32cube.ide.mcu.externaltools.gnu-tools-for-stm32.9-2020-q2-update.win32_2.0.0.202105311346/tools/bin/../lib/gcc/arm-none-eabi/9.3.1/../../../../arm-none-eabi/lib/thumb/v7e-m+fp/hard\libc_nano.a(lib_a-nano-mallocr.o)
                0x0000000020000388                __malloc_free_list
 .bss.__malloc_sbrk_start
                0x000000002000038c        0x4 d:/programmi/es4sa/stm32cubeide_1.7.0/stm32cubeide/plugins/com.st.stm32cube.ide.mcu.externaltools.gnu-tools-for-stm32.9-2020-q2-update.win32_2.0.0.202105311346/tools/bin/../lib/gcc/arm-none-eabi/9.3.1/../../../../arm-none-eabi/lib/thumb/v7e-m+fp/hard\libc_nano.a(lib_a-nano-mallocr.o)
                0x000000002000038c                __malloc_sbrk_start
 *(COMMON)
 COMMON         0x0000000020000390       0xa4 ./Core/Src/main.o
                0x0000000020000390                yAxisReading_filt
                0x0000000020000394                yAxisReading
                0x0000000020000398                zAxisReading_filt
                0x000000002000039c                htim3
                0x00000000200003e4                xAxisReading_filt
                0x00000000200003e8                huart2
                0x000000002000042c                xAxisReading
                0x0000000020000430                zAxisReading
 COMMON         0x0000000020000434       0x54 ./Core/Src/stm32f4xx_nucleo_bus.o
                0x0000000020000434                hi2c1
 COMMON         0x0000000020000488        0xc ./Drivers/BSP/IKS01A3/iks01a3_motion_sensors.o
                0x0000000020000488                MotionCompObj
 COMMON         0x0000000020000494        0x4 ./Drivers/STM32F4xx_HAL_Driver/Src/stm32f4xx_hal.o
                0x0000000020000494                uwTick
 COMMON         0x0000000020000498        0x4 d:/programmi/es4sa/stm32cubeide_1.7.0/stm32cubeide/plugins/com.st.stm32cube.ide.mcu.externaltools.gnu-tools-for-stm32.9-2020-q2-update.win32_2.0.0.202105311346/tools/bin/../lib/gcc/arm-none-eabi/9.3.1/../../../../arm-none-eabi/lib/thumb/v7e-m+fp/hard\libc_nano.a(lib_a-reent.o)
                0x0000000020000498                errno
 COMMON         0x000000002000049c        0x9 d:/programmi/es4sa/stm32cubeide_1.7.0/stm32cubeide/plugins/com.st.stm32cube.ide.mcu.externaltools.gnu-tools-for-stm32.9-2020-q2-update.win32_2.0.0.202105311346/tools/bin/../lib/gcc/arm-none-eabi/9.3.1/../../../../arm-none-eabi/lib/thumb/v7e-m+fp/hard\libc_nano.a(lib_a-lock.o)
                0x000000002000049c                __lock___atexit_recursive_mutex
                0x000000002000049d                __lock___arc4random_mutex
                0x000000002000049e                __lock___env_recursive_mutex
                0x000000002000049f                __lock___sinit_recursive_mutex
                0x00000000200004a0                __lock___malloc_recursive_mutex
                0x00000000200004a1                __lock___at_quick_exit_mutex
                0x00000000200004a2                __lock___dd_hash_mutex
                0x00000000200004a3                __lock___tz_mutex
                0x00000000200004a4                __lock___sfp_recursive_mutex
                0x00000000200004a8                . = ALIGN (0x4)
 *fill*         0x00000000200004a5        0x3 
                0x00000000200004a8                _ebss = .
                0x00000000200004a8                __bss_end__ = _ebss

._user_heap_stack
                0x00000000200004a8      0x600 load address 0x0000000008009d0c
                0x00000000200004a8                . = ALIGN (0x8)
                [!provide]                        PROVIDE (end = .)
                0x00000000200004a8                PROVIDE (_end = .)
                0x00000000200006a8                . = (. + _Min_Heap_Size)
 *fill*         0x00000000200004a8      0x200 
                0x0000000020000aa8                . = (. + _Min_Stack_Size)
 *fill*         0x00000000200006a8      0x400 
                0x0000000020000aa8                . = ALIGN (0x8)

/DISCARD/
 libc.a(*)
 libm.a(*)
 libgcc.a(*)

.ARM.attributes
                0x0000000000000000       0x30
 *(.ARM.attributes)
 .ARM.attributes
                0x0000000000000000       0x1e d:/programmi/es4sa/stm32cubeide_1.7.0/stm32cubeide/plugins/com.st.stm32cube.ide.mcu.externaltools.gnu-tools-for-stm32.9-2020-q2-update.win32_2.0.0.202105311346/tools/bin/../lib/gcc/arm-none-eabi/9.3.1/thumb/v7e-m+fp/hard/crti.o
 .ARM.attributes
                0x000000000000001e       0x34 d:/programmi/es4sa/stm32cubeide_1.7.0/stm32cubeide/plugins/com.st.stm32cube.ide.mcu.externaltools.gnu-tools-for-stm32.9-2020-q2-update.win32_2.0.0.202105311346/tools/bin/../lib/gcc/arm-none-eabi/9.3.1/thumb/v7e-m+fp/hard/crtbegin.o
 .ARM.attributes
                0x0000000000000052       0x34 ./Core/Src/main.o
 .ARM.attributes
                0x0000000000000086       0x34 ./Core/Src/stm32f4xx_hal_msp.o
 .ARM.attributes
                0x00000000000000ba       0x34 ./Core/Src/stm32f4xx_it.o
 .ARM.attributes
                0x00000000000000ee       0x34 ./Core/Src/stm32f4xx_nucleo_bus.o
 .ARM.attributes
                0x0000000000000122       0x34 ./Core/Src/sysmem.o
 .ARM.attributes
                0x0000000000000156       0x34 ./Core/Src/system_stm32f4xx.o
 .ARM.attributes
                0x000000000000018a       0x21 ./Core/Startup/startup_stm32f401retx.o
 .ARM.attributes
                0x00000000000001ab       0x34 ./Drivers/BSP/Components/lis2dw12/lis2dw12.o
 .ARM.attributes
                0x00000000000001df       0x34 ./Drivers/BSP/Components/lis2dw12/lis2dw12_reg.o
 .ARM.attributes
                0x0000000000000213       0x34 ./Drivers/BSP/Components/lis2mdl/lis2mdl.o
 .ARM.attributes
                0x0000000000000247       0x34 ./Drivers/BSP/Components/lis2mdl/lis2mdl_reg.o
 .ARM.attributes
                0x000000000000027b       0x34 ./Drivers/BSP/Components/lsm6dso/lsm6dso.o
 .ARM.attributes
                0x00000000000002af       0x34 ./Drivers/BSP/Components/lsm6dso/lsm6dso_reg.o
 .ARM.attributes
                0x00000000000002e3       0x34 ./Drivers/BSP/IKS01A3/iks01a3_motion_sensors.o
 .ARM.attributes
                0x0000000000000317       0x34 ./Drivers/STM32F4xx_HAL_Driver/Src/stm32f4xx_hal.o
 .ARM.attributes
                0x000000000000034b       0x34 ./Drivers/STM32F4xx_HAL_Driver/Src/stm32f4xx_hal_cortex.o
 .ARM.attributes
                0x000000000000037f       0x34 ./Drivers/STM32F4xx_HAL_Driver/Src/stm32f4xx_hal_gpio.o
 .ARM.attributes
                0x00000000000003b3       0x34 ./Drivers/STM32F4xx_HAL_Driver/Src/stm32f4xx_hal_i2c.o
 .ARM.attributes
                0x00000000000003e7       0x34 ./Drivers/STM32F4xx_HAL_Driver/Src/stm32f4xx_hal_rcc.o
 .ARM.attributes
                0x000000000000041b       0x34 ./Drivers/STM32F4xx_HAL_Driver/Src/stm32f4xx_hal_tim.o
 .ARM.attributes
                0x000000000000044f       0x34 ./Drivers/STM32F4xx_HAL_Driver/Src/stm32f4xx_hal_tim_ex.o
 .ARM.attributes
                0x0000000000000483       0x34 ./Drivers/STM32F4xx_HAL_Driver/Src/stm32f4xx_hal_uart.o
 .ARM.attributes
                0x00000000000004b7       0x34 d:/programmi/es4sa/stm32cubeide_1.7.0/stm32cubeide/plugins/com.st.stm32cube.ide.mcu.externaltools.gnu-tools-for-stm32.9-2020-q2-update.win32_2.0.0.202105311346/tools/bin/../lib/gcc/arm-none-eabi/9.3.1/../../../../arm-none-eabi/lib/thumb/v7e-m+fp/hard\libc_nano.a(lib_a-errno.o)
 .ARM.attributes
                0x00000000000004eb       0x32 d:/programmi/es4sa/stm32cubeide_1.7.0/stm32cubeide/plugins/com.st.stm32cube.ide.mcu.externaltools.gnu-tools-for-stm32.9-2020-q2-update.win32_2.0.0.202105311346/tools/bin/../lib/gcc/arm-none-eabi/9.3.1/../../../../arm-none-eabi/lib/thumb/v7e-m+fp/hard\libc_nano.a(lib_a-impure.o)
 .ARM.attributes
                0x000000000000051d       0x34 d:/programmi/es4sa/stm32cubeide_1.7.0/stm32cubeide/plugins/com.st.stm32cube.ide.mcu.externaltools.gnu-tools-for-stm32.9-2020-q2-update.win32_2.0.0.202105311346/tools/bin/../lib/gcc/arm-none-eabi/9.3.1/../../../../arm-none-eabi/lib/thumb/v7e-m+fp/hard\libc_nano.a(lib_a-init.o)
 .ARM.attributes
                0x0000000000000551       0x34 d:/programmi/es4sa/stm32cubeide_1.7.0/stm32cubeide/plugins/com.st.stm32cube.ide.mcu.externaltools.gnu-tools-for-stm32.9-2020-q2-update.win32_2.0.0.202105311346/tools/bin/../lib/gcc/arm-none-eabi/9.3.1/../../../../arm-none-eabi/lib/thumb/v7e-m+fp/hard\libc_nano.a(lib_a-memset.o)
 .ARM.attributes
                0x0000000000000585       0x34 d:/programmi/es4sa/stm32cubeide_1.7.0/stm32cubeide/plugins/com.st.stm32cube.ide.mcu.externaltools.gnu-tools-for-stm32.9-2020-q2-update.win32_2.0.0.202105311346/tools/bin/../lib/gcc/arm-none-eabi/9.3.1/../../../../arm-none-eabi/lib/thumb/v7e-m+fp/hard\libc_nano.a(lib_a-sprintf.o)
 .ARM.attributes
                0x00000000000005b9       0x17 d:/programmi/es4sa/stm32cubeide_1.7.0/stm32cubeide/plugins/com.st.stm32cube.ide.mcu.externaltools.gnu-tools-for-stm32.9-2020-q2-update.win32_2.0.0.202105311346/tools/bin/../lib/gcc/arm-none-eabi/9.3.1/../../../../arm-none-eabi/lib/thumb/v7e-m+fp/hard\libc_nano.a(lib_a-strlen.o)
 .ARM.attributes
                0x00000000000005d0       0x34 d:/programmi/es4sa/stm32cubeide_1.7.0/stm32cubeide/plugins/com.st.stm32cube.ide.mcu.externaltools.gnu-tools-for-stm32.9-2020-q2-update.win32_2.0.0.202105311346/tools/bin/../lib/gcc/arm-none-eabi/9.3.1/../../../../arm-none-eabi/lib/thumb/v7e-m+fp/hard\libc_nano.a(lib_a-nano-svfprintf.o)
 .ARM.attributes
                0x0000000000000604       0x34 d:/programmi/es4sa/stm32cubeide_1.7.0/stm32cubeide/plugins/com.st.stm32cube.ide.mcu.externaltools.gnu-tools-for-stm32.9-2020-q2-update.win32_2.0.0.202105311346/tools/bin/../lib/gcc/arm-none-eabi/9.3.1/../../../../arm-none-eabi/lib/thumb/v7e-m+fp/hard\libc_nano.a(lib_a-nano-vfprintf_i.o)
 .ARM.attributes
                0x0000000000000638       0x1c d:/programmi/es4sa/stm32cubeide_1.7.0/stm32cubeide/plugins/com.st.stm32cube.ide.mcu.externaltools.gnu-tools-for-stm32.9-2020-q2-update.win32_2.0.0.202105311346/tools/bin/../lib/gcc/arm-none-eabi/9.3.1/../../../../arm-none-eabi/lib/thumb/v7e-m+fp/hard\libc_nano.a(lib_a-memchr.o)
 .ARM.attributes
                0x0000000000000654       0x34 d:/programmi/es4sa/stm32cubeide_1.7.0/stm32cubeide/plugins/com.st.stm32cube.ide.mcu.externaltools.gnu-tools-for-stm32.9-2020-q2-update.win32_2.0.0.202105311346/tools/bin/../lib/gcc/arm-none-eabi/9.3.1/../../../../arm-none-eabi/lib/thumb/v7e-m+fp/hard\libc_nano.a(lib_a-memcpy-stub.o)
 .ARM.attributes
                0x0000000000000688       0x34 d:/programmi/es4sa/stm32cubeide_1.7.0/stm32cubeide/plugins/com.st.stm32cube.ide.mcu.externaltools.gnu-tools-for-stm32.9-2020-q2-update.win32_2.0.0.202105311346/tools/bin/../lib/gcc/arm-none-eabi/9.3.1/../../../../arm-none-eabi/lib/thumb/v7e-m+fp/hard\libc_nano.a(lib_a-memmove.o)
 .ARM.attributes
                0x00000000000006bc       0x34 d:/programmi/es4sa/stm32cubeide_1.7.0/stm32cubeide/plugins/com.st.stm32cube.ide.mcu.externaltools.gnu-tools-for-stm32.9-2020-q2-update.win32_2.0.0.202105311346/tools/bin/../lib/gcc/arm-none-eabi/9.3.1/../../../../arm-none-eabi/lib/thumb/v7e-m+fp/hard\libc_nano.a(lib_a-nano-freer.o)
 .ARM.attributes
                0x00000000000006f0       0x34 d:/programmi/es4sa/stm32cubeide_1.7.0/stm32cubeide/plugins/com.st.stm32cube.ide.mcu.externaltools.gnu-tools-for-stm32.9-2020-q2-update.win32_2.0.0.202105311346/tools/bin/../lib/gcc/arm-none-eabi/9.3.1/../../../../arm-none-eabi/lib/thumb/v7e-m+fp/hard\libc_nano.a(lib_a-nano-mallocr.o)
 .ARM.attributes
                0x0000000000000724       0x34 d:/programmi/es4sa/stm32cubeide_1.7.0/stm32cubeide/plugins/com.st.stm32cube.ide.mcu.externaltools.gnu-tools-for-stm32.9-2020-q2-update.win32_2.0.0.202105311346/tools/bin/../lib/gcc/arm-none-eabi/9.3.1/../../../../arm-none-eabi/lib/thumb/v7e-m+fp/hard\libc_nano.a(lib_a-nano-reallocr.o)
 .ARM.attributes
                0x0000000000000758       0x34 d:/programmi/es4sa/stm32cubeide_1.7.0/stm32cubeide/plugins/com.st.stm32cube.ide.mcu.externaltools.gnu-tools-for-stm32.9-2020-q2-update.win32_2.0.0.202105311346/tools/bin/../lib/gcc/arm-none-eabi/9.3.1/../../../../arm-none-eabi/lib/thumb/v7e-m+fp/hard\libc_nano.a(lib_a-sbrkr.o)
 .ARM.attributes
                0x000000000000078c       0x34 d:/programmi/es4sa/stm32cubeide_1.7.0/stm32cubeide/plugins/com.st.stm32cube.ide.mcu.externaltools.gnu-tools-for-stm32.9-2020-q2-update.win32_2.0.0.202105311346/tools/bin/../lib/gcc/arm-none-eabi/9.3.1/../../../../arm-none-eabi/lib/thumb/v7e-m+fp/hard\libc_nano.a(lib_a-mlock.o)
 .ARM.attributes
                0x00000000000007c0       0x34 d:/programmi/es4sa/stm32cubeide_1.7.0/stm32cubeide/plugins/com.st.stm32cube.ide.mcu.externaltools.gnu-tools-for-stm32.9-2020-q2-update.win32_2.0.0.202105311346/tools/bin/../lib/gcc/arm-none-eabi/9.3.1/../../../../arm-none-eabi/lib/thumb/v7e-m+fp/hard\libc_nano.a(lib_a-nano-msizer.o)
 .ARM.attributes
                0x00000000000007f4       0x34 d:/programmi/es4sa/stm32cubeide_1.7.0/stm32cubeide/plugins/com.st.stm32cube.ide.mcu.externaltools.gnu-tools-for-stm32.9-2020-q2-update.win32_2.0.0.202105311346/tools/bin/../lib/gcc/arm-none-eabi/9.3.1/../../../../arm-none-eabi/lib/thumb/v7e-m+fp/hard\libc_nano.a(lib_a-reent.o)
 .ARM.attributes
                0x0000000000000828       0x34 d:/programmi/es4sa/stm32cubeide_1.7.0/stm32cubeide/plugins/com.st.stm32cube.ide.mcu.externaltools.gnu-tools-for-stm32.9-2020-q2-update.win32_2.0.0.202105311346/tools/bin/../lib/gcc/arm-none-eabi/9.3.1/../../../../arm-none-eabi/lib/thumb/v7e-m+fp/hard\libc_nano.a(lib_a-lock.o)
 .ARM.attributes
                0x000000000000085c       0x1e d:/programmi/es4sa/stm32cubeide_1.7.0/stm32cubeide/plugins/com.st.stm32cube.ide.mcu.externaltools.gnu-tools-for-stm32.9-2020-q2-update.win32_2.0.0.202105311346/tools/bin/../lib/gcc/arm-none-eabi/9.3.1/thumb/v7e-m+fp/hard\libgcc.a(_aeabi_uldivmod.o)
 .ARM.attributes
                0x000000000000087a       0x34 d:/programmi/es4sa/stm32cubeide_1.7.0/stm32cubeide/plugins/com.st.stm32cube.ide.mcu.externaltools.gnu-tools-for-stm32.9-2020-q2-update.win32_2.0.0.202105311346/tools/bin/../lib/gcc/arm-none-eabi/9.3.1/thumb/v7e-m+fp/hard\libgcc.a(_udivmoddi4.o)
 .ARM.attributes
                0x00000000000008ae       0x1e d:/programmi/es4sa/stm32cubeide_1.7.0/stm32cubeide/plugins/com.st.stm32cube.ide.mcu.externaltools.gnu-tools-for-stm32.9-2020-q2-update.win32_2.0.0.202105311346/tools/bin/../lib/gcc/arm-none-eabi/9.3.1/thumb/v7e-m+fp/hard\libgcc.a(_dvmd_tls.o)
 .ARM.attributes
                0x00000000000008cc       0x1e d:/programmi/es4sa/stm32cubeide_1.7.0/stm32cubeide/plugins/com.st.stm32cube.ide.mcu.externaltools.gnu-tools-for-stm32.9-2020-q2-update.win32_2.0.0.202105311346/tools/bin/../lib/gcc/arm-none-eabi/9.3.1/thumb/v7e-m+fp/hard/crtn.o
OUTPUT(ESSAProjectAcc.elf elf32-littlearm)
LOAD linker stubs
LOAD d:/programmi/es4sa/stm32cubeide_1.7.0/stm32cubeide/plugins/com.st.stm32cube.ide.mcu.externaltools.gnu-tools-for-stm32.9-2020-q2-update.win32_2.0.0.202105311346/tools/bin/../lib/gcc/arm-none-eabi/9.3.1/../../../../arm-none-eabi/lib/thumb/v7e-m+fp/hard\libc.a
LOAD d:/programmi/es4sa/stm32cubeide_1.7.0/stm32cubeide/plugins/com.st.stm32cube.ide.mcu.externaltools.gnu-tools-for-stm32.9-2020-q2-update.win32_2.0.0.202105311346/tools/bin/../lib/gcc/arm-none-eabi/9.3.1/../../../../arm-none-eabi/lib/thumb/v7e-m+fp/hard\libm.a
LOAD d:/programmi/es4sa/stm32cubeide_1.7.0/stm32cubeide/plugins/com.st.stm32cube.ide.mcu.externaltools.gnu-tools-for-stm32.9-2020-q2-update.win32_2.0.0.202105311346/tools/bin/../lib/gcc/arm-none-eabi/9.3.1/thumb/v7e-m+fp/hard\libgcc.a

.debug_info     0x0000000000000000    0x3444f
 .debug_info    0x0000000000000000     0x2ec7 ./Core/Src/main.o
 .debug_info    0x0000000000002ec7      0xf5c ./Core/Src/stm32f4xx_hal_msp.o
 .debug_info    0x0000000000003e23      0x823 ./Core/Src/stm32f4xx_it.o
 .debug_info    0x0000000000004646      0xe03 ./Core/Src/stm32f4xx_nucleo_bus.o
 .debug_info    0x0000000000005449      0xa25 ./Core/Src/sysmem.o
 .debug_info    0x0000000000005e6e      0x5d0 ./Core/Src/system_stm32f4xx.o
 .debug_info    0x000000000000643e       0x22 ./Core/Startup/startup_stm32f401retx.o
 .debug_info    0x0000000000006460     0x239a ./Drivers/BSP/Components/lis2dw12/lis2dw12.o
 .debug_info    0x00000000000087fa     0x4234 ./Drivers/BSP/Components/lis2dw12/lis2dw12_reg.o
 .debug_info    0x000000000000ca2e     0x1b52 ./Drivers/BSP/Components/lis2mdl/lis2mdl.o
 .debug_info    0x000000000000e580     0x210b ./Drivers/BSP/Components/lis2mdl/lis2mdl_reg.o
 .debug_info    0x000000000001068b     0x79b6 ./Drivers/BSP/Components/lsm6dso/lsm6dso.o
 .debug_info    0x0000000000018041     0xd8c4 ./Drivers/BSP/Components/lsm6dso/lsm6dso_reg.o
 .debug_info    0x0000000000025905     0x27d0 ./Drivers/BSP/IKS01A3/iks01a3_motion_sensors.o
 .debug_info    0x00000000000280d5      0x93d ./Drivers/STM32F4xx_HAL_Driver/Src/stm32f4xx_hal.o
 .debug_info    0x0000000000028a12      0xe41 ./Drivers/STM32F4xx_HAL_Driver/Src/stm32f4xx_hal_cortex.o
 .debug_info    0x0000000000029853      0x862 ./Drivers/STM32F4xx_HAL_Driver/Src/stm32f4xx_hal_gpio.o
 .debug_info    0x000000000002a0b5     0x2653 ./Drivers/STM32F4xx_HAL_Driver/Src/stm32f4xx_hal_i2c.o
 .debug_info    0x000000000002c708      0x9bd ./Drivers/STM32F4xx_HAL_Driver/Src/stm32f4xx_hal_rcc.o
 .debug_info    0x000000000002d0c5     0x2c1a ./Drivers/STM32F4xx_HAL_Driver/Src/stm32f4xx_hal_tim.o
 .debug_info    0x000000000002fcdf     0x159a ./Drivers/STM32F4xx_HAL_Driver/Src/stm32f4xx_hal_tim_ex.o
 .debug_info    0x0000000000031279     0x31d6 ./Drivers/STM32F4xx_HAL_Driver/Src/stm32f4xx_hal_uart.o

.debug_abbrev   0x0000000000000000     0x367c
 .debug_abbrev  0x0000000000000000      0x32c ./Core/Src/main.o
 .debug_abbrev  0x000000000000032c      0x1c8 ./Core/Src/stm32f4xx_hal_msp.o
 .debug_abbrev  0x00000000000004f4      0x187 ./Core/Src/stm32f4xx_it.o
 .debug_abbrev  0x000000000000067b      0x279 ./Core/Src/stm32f4xx_nucleo_bus.o
 .debug_abbrev  0x00000000000008f4      0x1bf ./Core/Src/sysmem.o
 .debug_abbrev  0x0000000000000ab3      0x145 ./Core/Src/system_stm32f4xx.o
 .debug_abbrev  0x0000000000000bf8       0x12 ./Core/Startup/startup_stm32f401retx.o
 .debug_abbrev  0x0000000000000c0a      0x361 ./Drivers/BSP/Components/lis2dw12/lis2dw12.o
 .debug_abbrev  0x0000000000000f6b      0x30a ./Drivers/BSP/Components/lis2dw12/lis2dw12_reg.o
 .debug_abbrev  0x0000000000001275      0x33e ./Drivers/BSP/Components/lis2mdl/lis2mdl.o
 .debug_abbrev  0x00000000000015b3      0x30a ./Drivers/BSP/Components/lis2mdl/lis2mdl_reg.o
 .debug_abbrev  0x00000000000018bd      0x3a6 ./Drivers/BSP/Components/lsm6dso/lsm6dso.o
 .debug_abbrev  0x0000000000001c63      0x324 ./Drivers/BSP/Components/lsm6dso/lsm6dso_reg.o
 .debug_abbrev  0x0000000000001f87      0x2c0 ./Drivers/BSP/IKS01A3/iks01a3_motion_sensors.o
 .debug_abbrev  0x0000000000002247      0x21e ./Drivers/STM32F4xx_HAL_Driver/Src/stm32f4xx_hal.o
 .debug_abbrev  0x0000000000002465      0x33c ./Drivers/STM32F4xx_HAL_Driver/Src/stm32f4xx_hal_cortex.o
 .debug_abbrev  0x00000000000027a1      0x1f1 ./Drivers/STM32F4xx_HAL_Driver/Src/stm32f4xx_hal_gpio.o
 .debug_abbrev  0x0000000000002992      0x293 ./Drivers/STM32F4xx_HAL_Driver/Src/stm32f4xx_hal_i2c.o
 .debug_abbrev  0x0000000000002c25      0x275 ./Drivers/STM32F4xx_HAL_Driver/Src/stm32f4xx_hal_rcc.o
 .debug_abbrev  0x0000000000002e9a      0x26f ./Drivers/STM32F4xx_HAL_Driver/Src/stm32f4xx_hal_tim.o
 .debug_abbrev  0x0000000000003109      0x277 ./Drivers/STM32F4xx_HAL_Driver/Src/stm32f4xx_hal_tim_ex.o
 .debug_abbrev  0x0000000000003380      0x2fc ./Drivers/STM32F4xx_HAL_Driver/Src/stm32f4xx_hal_uart.o

.debug_aranges  0x0000000000000000     0x24c0
 .debug_aranges
                0x0000000000000000       0x60 ./Core/Src/main.o
 .debug_aranges
                0x0000000000000060       0x40 ./Core/Src/stm32f4xx_hal_msp.o
 .debug_aranges
                0x00000000000000a0       0x70 ./Core/Src/stm32f4xx_it.o
 .debug_aranges
                0x0000000000000110       0x80 ./Core/Src/stm32f4xx_nucleo_bus.o
 .debug_aranges
                0x0000000000000190       0x20 ./Core/Src/sysmem.o
 .debug_aranges
                0x00000000000001b0       0x28 ./Core/Src/system_stm32f4xx.o
 .debug_aranges
                0x00000000000001d8       0x28 ./Core/Startup/startup_stm32f401retx.o
 .debug_aranges
                0x0000000000000200      0x190 ./Drivers/BSP/Components/lis2dw12/lis2dw12.o
 .debug_aranges
                0x0000000000000390      0x3c8 ./Drivers/BSP/Components/lis2dw12/lis2dw12_reg.o
 .debug_aranges
                0x0000000000000758       0xe0 ./Drivers/BSP/Components/lis2mdl/lis2mdl.o
 .debug_aranges
                0x0000000000000838      0x1b0 ./Drivers/BSP/Components/lis2mdl/lis2mdl_reg.o
 .debug_aranges
                0x00000000000009e8      0x308 ./Drivers/BSP/Components/lsm6dso/lsm6dso.o
 .debug_aranges
                0x0000000000000cf0      0xa78 ./Drivers/BSP/Components/lsm6dso/lsm6dso_reg.o
 .debug_aranges
                0x0000000000001768       0x98 ./Drivers/BSP/IKS01A3/iks01a3_motion_sensors.o
 .debug_aranges
                0x0000000000001800       0xf0 ./Drivers/STM32F4xx_HAL_Driver/Src/stm32f4xx_hal.o
 .debug_aranges
                0x00000000000018f0      0x118 ./Drivers/STM32F4xx_HAL_Driver/Src/stm32f4xx_hal_cortex.o
 .debug_aranges
                0x0000000000001a08       0x58 ./Drivers/STM32F4xx_HAL_Driver/Src/stm32f4xx_hal_gpio.o
 .debug_aranges
                0x0000000000001a60      0x2a0 ./Drivers/STM32F4xx_HAL_Driver/Src/stm32f4xx_hal_i2c.o
 .debug_aranges